###############################################################################
#
# IAR ANSI C/C++ Compiler V7.70.1.11437/W32 for ARM       18/Apr/2019  18:40:35
# Copyright 1999-2016 IAR Systems AB.
#
#    Cpu mode     =  thumb
#    Endian       =  little
#    Source file  =  E:\projects\L6IR\programm\L6_pro\rfu_stm32\source\rfu.c
#    Command line =  
#        E:\projects\L6IR\programm\L6_pro\rfu_stm32\source\rfu.c -D
#        USE_STDPERIPH_DRIVER -D STM32L1XX_MD -D FR14745600 -D nFR11059200 -D
#        L6IR_CU -D nPT2_MODE -D PT7_MODE -D nTABLE_BAL -D nTNM_MODE -D
#        nSWIR_MODE -D nA3G4250D -D nLPS331AP -D METEO -D nTEST_MODE -D
#        nFLASH_ENABLE -lcN E:\projects\L6IR\programm\L6_pro\Release\List -lb
#        E:\projects\L6IR\programm\L6_pro\Release\List -o
#        E:\projects\L6IR\programm\L6_pro\Release\Obj --no_cse --no_unroll
#        --no_inline --no_code_motion --no_tbaa --no_clustering --no_scheduling
#        --debug --endian=little --cpu=Cortex-M3 -e --fpu=None --dlib_config
#        "C:\Program Files (x86)\IAR Systems\Embedded Workbench
#        7.5\arm\INC\c\DLib_Config_Normal.h" -I
#        E:\projects\L6IR\programm\L6_pro\STM32L1xx_StdPeriph_Driver\src\ -I
#        E:\projects\L6IR\programm\L6_pro\STM32L1xx_StdPeriph_Driver\inc\ -I
#        E:\projects\L6IR\programm\L6_pro\mcu\ -I
#        E:\projects\L6IR\programm\L6_pro\mcu\inc\ -I
#        nE:\projects\L6IR\programm\L6_pro\CMSIS\CM3\CoreSupport\ -I
#        E:\projects\L6IR\programm\L6_pro\CMSIS\Device\ST\STM32L1xx\Include\ -I
#        E:\projects\L6IR\programm\L6_pro\mcu\startup\iar\ -I
#        E:\projects\L6IR\programm\L6_pro\rfu_stm32\include\ -I
#        E:\projects\L6IR\programm\L6_pro\rfu_stm32\source\ -I
#        E:\projects\L6IR\programm\L6_pro\CMSIS\Include\ -I
#        E:\projects\L6IR\programm\L6_pro\ -Ol
#    Locale       =  Russian_Russia.1251
#    List file    =  E:\projects\L6IR\programm\L6_pro\Release\List\rfu.lst
#    Object file  =  E:\projects\L6IR\programm\L6_pro\Release\Obj\rfu.o
#
###############################################################################

E:\projects\L6IR\programm\L6_pro\rfu_stm32\source\rfu.c
      1          
      2          /**
      3           * @file rfu.c
      4           */
      5          
      6          #include <string.h>
      7          
      8          #include "rfu_platform.h"
      9          #include <settings.h>
     10          
     11          
     12          
     13          void rfu_start()
     14          {
     15            //uint8_t address = getDeviceAddress();
     16            uint8_t address = settings_device_address();
     17            onSystemUpdateStart();
     18          
     19            __disable_interrupt();
     20            char *targetAddr = RFU_RAM_LOCATION;
     21            char *sourceAddr = RFU_IMAGE_ADDRESS;
     22            size_t size = RFU_IMAGE_SIZE;
     23            memcpy(targetAddr, sourceAddr, size);
     24            RFU_MAIN(address);
     25          }

   Maximum stack usage in bytes:

   .cstack Function
   ------- --------
      16   rfu_start
        16   -> __aeabi_memcpy
        16   -> rfu_main
        16   -> settings_device_address


   Section sizes:

   Bytes  Function/Label
   -----  --------------
      44  rfu_start

 
 44 bytes in section .text
 
 44 bytes of CODE memory

Errors: none
Warnings: none
