###############################################################################
#
# IAR ELF Linker V8.30.1.114/W32 for ARM                  05/Feb/2021  18:16:48
# Copyright 2007-2018 IAR Systems AB.
#
#    Output file  =  D:\projects\L6IR\programm\L6IR_pro\Debug\Exe\c.out
#    Map file     =  D:\projects\L6IR\programm\L6IR_pro\Debug\List\c.map
#    Command line =  
#        -f C:\Users\admin\AppData\Local\Temp\EW5B92.tmp
#        (D:\projects\L6IR\programm\L6IR_pro\Debug\Obj\Ball.o
#        D:\projects\L6IR\programm\L6IR_pro\Debug\Obj\Buffer.o
#        D:\projects\L6IR\programm\L6IR_pro\Debug\Obj\Camera.o
#        D:\projects\L6IR\programm\L6IR_pro\Debug\Obj\Camera_tasks.o
#        D:\projects\L6IR\programm\L6IR_pro\Debug\Obj\cbuf.o
#        D:\projects\L6IR\programm\L6IR_pro\Debug\Obj\default_flash_content.o
#        D:\projects\L6IR\programm\L6IR_pro\Debug\Obj\default_flash_content_PT7.o
#        D:\projects\L6IR\programm\L6IR_pro\Debug\Obj\default_flash_content_PT7HR.o
#        D:\projects\L6IR\programm\L6IR_pro\Debug\Obj\default_flash_content_PT8.o
#        D:\projects\L6IR\programm\L6IR_pro\Debug\Obj\default_flash_content_PT8HR.o
#        D:\projects\L6IR\programm\L6IR_pro\Debug\Obj\default_flash_content_PT9.o
#        D:\projects\L6IR\programm\L6IR_pro\Debug\Obj\default_flash_content_PT9HR.o
#        D:\projects\L6IR\programm\L6IR_pro\Debug\Obj\digital_resist.o
#        D:\projects\L6IR\programm\L6IR_pro\Debug\Obj\galenic.o
#        D:\projects\L6IR\programm\L6IR_pro\Debug\Obj\i2c.o
#        D:\projects\L6IR\programm\L6IR_pro\Debug\Obj\keys.o
#        D:\projects\L6IR\programm\L6IR_pro\Debug\Obj\led_control.o
#        D:\projects\L6IR\programm\L6IR_pro\Debug\Obj\lps331ap.o
#        D:\projects\L6IR\programm\L6IR_pro\Debug\Obj\lps331ap_driver.o
#        D:\projects\L6IR\programm\L6IR_pro\Debug\Obj\LSM6DS33.o
#        D:\projects\L6IR\programm\L6IR_pro\Debug\Obj\main.o
#        D:\projects\L6IR\programm\L6IR_pro\Debug\Obj\misc.o
#        D:\projects\L6IR\programm\L6IR_pro\Debug\Obj\net.o
#        D:\projects\L6IR\programm\L6IR_pro\Debug\Obj\operator_control.o
#        D:\projects\L6IR\programm\L6IR_pro\Debug\Obj\protocol_cu.o
#        D:\projects\L6IR\programm\L6IR_pro\Debug\Obj\protocol_L6IR.o
#        D:\projects\L6IR\programm\L6IR_pro\Debug\Obj\protocol_L6IR_encoder_new.o
#        D:\projects\L6IR\programm\L6IR_pro\Debug\Obj\protocol_L6IR_encoder_old.o
#        D:\projects\L6IR\programm\L6IR_pro\Debug\Obj\rfu.o
#        D:\projects\L6IR\programm\L6IR_pro\Debug\Obj\rfu_ram.o
#        D:\projects\L6IR\programm\L6IR_pro\Debug\Obj\rfu_stm32L10x.o
#        D:\projects\L6IR\programm\L6IR_pro\Debug\Obj\Sensors.o
#        D:\projects\L6IR\programm\L6IR_pro\Debug\Obj\settings.o
#        D:\projects\L6IR\programm\L6IR_pro\Debug\Obj\startup_stm32l1xx_md.o
#        D:\projects\L6IR\programm\L6IR_pro\Debug\Obj\stm32l1xx_adc.o
#        D:\projects\L6IR\programm\L6IR_pro\Debug\Obj\stm32l1xx_dma.o
#        D:\projects\L6IR\programm\L6IR_pro\Debug\Obj\stm32l1xx_exti.o
#        D:\projects\L6IR\programm\L6IR_pro\Debug\Obj\stm32l1xx_flash.o
#        D:\projects\L6IR\programm\L6IR_pro\Debug\Obj\stm32l1xx_gpio.o
#        D:\projects\L6IR\programm\L6IR_pro\Debug\Obj\stm32l1xx_i2c.o
#        D:\projects\L6IR\programm\L6IR_pro\Debug\Obj\stm32l1xx_it.o
#        D:\projects\L6IR\programm\L6IR_pro\Debug\Obj\stm32l1xx_rcc.o
#        D:\projects\L6IR\programm\L6IR_pro\Debug\Obj\stm32l1xx_sdio.o
#        D:\projects\L6IR\programm\L6IR_pro\Debug\Obj\stm32l1xx_spi.o
#        D:\projects\L6IR\programm\L6IR_pro\Debug\Obj\stm32l1xx_syscfg.o
#        D:\projects\L6IR\programm\L6IR_pro\Debug\Obj\stm32l1xx_usart.o
#        D:\projects\L6IR\programm\L6IR_pro\Debug\Obj\system_init.o
#        D:\projects\L6IR\programm\L6IR_pro\Debug\Obj\system_stm32l1xx.o
#        D:\projects\L6IR\programm\L6IR_pro\Debug\Obj\system_timer.o
#        --no_out_extension -o
#        D:\projects\L6IR\programm\L6IR_pro\Debug\Exe\c.out --redirect
#        _Printf=_PrintfFullNoMb --redirect _Scanf=_ScanfFullNoMb --map
#        D:\projects\L6IR\programm\L6IR_pro\Debug\List\c.map --config
#        "C:\Program Files (x86)\IAR Systems\Embedded Workbench
#        8.1\arm\config\linker\ST\stm32l152xC.icf" --semihosting --entry
#        __iar_program_start "C:\Program Files (x86)\IAR Systems\Embedded
#        Workbench 8.1\arm\CMSIS\Lib\IAR\iar_cortexM3l_math.a" --vfe --text_out
#        locale)
#
###############################################################################

*******************************************************************************
*** RUNTIME MODEL ATTRIBUTES
***

CppFlavor       = *
__SystemLibrary = DLib
__dlib_version  = 6


*******************************************************************************
*** HEAP SELECTION
***

The basic heap was selected because no calls to memory allocation
functions were found in the application outside of system library
functions, and there are calls to deallocation functions in the
application.


*******************************************************************************
*** PLACEMENT SUMMARY
***

"A0":  place at 0x800'0000 { ro section .intvec };
"P1":  place in [from 0x800'0000 to 0x803'ffff] { ro };
define block CSTACK with size = 4K, alignment = 8 { };
define block HEAP with size = 4K, alignment = 8 { };
"P2":  place in [from 0x2000'0000 to 0x2000'7fff] {
          rw, block CSTACK, block HEAP };
initialize by copy { rw };

No sections matched the following patterns:

  section .eeprom  in "P3"


  Section            Kind         Address    Size  Object
  -------            ----         -------    ----  ------
"A0":                                        0xf4
  .intvec            ro code   0x800'0000    0xf4  startup_stm32l1xx_md.o [1]
                             - 0x800'00f4    0xf4

"P1":                                      0x8717
  .hex               ro code   0x800'00f4  0x1bfe  net.o [1]
  .text              ro code   0x800'1cf2    0x3a  zero_init3.o [4]
  .text              ro code   0x800'1d2c    0xa6  ABImemcpy.o [4]
  .hex               ro code   0x800'1dd2   0x274  Buffer.o [1]
  .hex               ro code   0x800'2048   0x280  stm32l1xx_usart.o [1]
  .text              ro code   0x800'22c8    0x1c  U32ToFlt.o [3]
  .text              ro code   0x800'22e4    0x80  FltSub.o [3]
  .text              ro code   0x800'2364    0xe2  FltAdd.o [3]
  .text              ro code   0x800'2448    0xfc  FltDiv.o [3]
  .text              ro code   0x800'2544    0x24  FltCmpLe.o [3]
  .text              ro code   0x800'2568    0x22  FltToU32.o [3]
  .text              ro code   0x800'258c    0x2a  FltToS32.o [3]
  .hex               ro code   0x800'25b6    0x68  keys.o [1]
  .hex               ro code   0x800'2620   0xe84  Camera.o [1]
  .hex               ro code   0x800'34a4   0x14e  stm32l1xx_gpio.o [1]
  .text              ro code   0x800'35f4    0x24  FltCmpGe.o [3]
  .text              ro code   0x800'3618    0x24  S32ToFlt.o [3]
  .hex               ro code   0x800'363c   0x250  stm32l1xx_rcc.o [1]
  .hex               ro code   0x800'388c    0x78  stm32l1xx_spi.o [1]
  .text              ro code   0x800'3904    0xd8  FltMul.o [3]
  .hex               ro code   0x800'39dc   0x14c  default_flash_content_PT9.o [1]
  .text              ro code   0x800'3b28    0x1c  FltCmpEq.o [3]
  .text              ro code   0x800'3b44    0x48  FltToDbl.o [3]
  .text              ro code   0x800'3b8c   0x1a2  DblMul.o [3]
  .text              ro code   0x800'3d30   0x17a  DblAdd.o [3]
  .text              ro code   0x800'3eac    0x28  DblToU32.o [3]
  .hex               ro code   0x800'3ed4   0x7a0  Ball.o [1]
  .text              ro code   0x800'4674    0xe2  DblSub.o [3]
  .text              ro code   0x800'4758   0x246  DblDiv.o [3]
  .text              ro code   0x800'49a0    0x68  DblToFlt.o [3]
  .text              ro code   0x800'4a08    0x58  floor.o [3]
  .text              ro code   0x800'4a60    0x3a  DblToS32.o [3]
  .text              ro code   0x800'4aa0   0xb60  pow64.o [3]
  .text              ro code   0x800'5600    0x30  exp64.o [3]
  .text              ro code   0x800'5630   0x420  cos_sin64.o [3]
  .text              ro code   0x800'5a50    0x20  DblCmpEq.o [3]
  .text              ro code   0x800'5a70    0x70  frexp.o [3]
  .text              ro code   0x800'5ae0    0x2e  DblCmpLe.o [3]
  .text              ro code   0x800'5b10   0x13a  ldexp.o [3]
  .text              ro code   0x800'5c4c    0x22  S32ToDbl.o [3]
  .text              ro code   0x800'5c70    0x2e  DblCmpGe.o [3]
  .text              ro code   0x800'5ca0   0x394  iar_Exp64.o [3]
  .hex               ro code   0x800'6034   0x780  protocol_L6IR.o [1]
  .hex               ro code   0x800'67b4    0x3c  rfu.o [1]
  .hex               ro code   0x800'67f0     0x4  settings.o [1]
  RFU_CODE           ro code   0x800'67f4   0x550  rfu_ram.o [1]
  .text              ro code   0x800'6d44     0x6  ABImemclr4.o [4]
  RFU_CODE           ro code   0x800'6d4c   0x15a  rfu_stm32L10x.o [1]
  .text              ro code   0x800'6ea8    0x32  ABImemset48.o [4]
  .hex               ro code   0x800'6edc    0x2c  stm32l1xx_flash.o [1]
  .hex               ro code   0x800'6f08   0x488  system_init.o [1]
  .hex               ro code   0x800'7390    0x9c  misc.o [1]
  .hex               ro code   0x800'742c   0x320  stm32l1xx_adc.o [1]
  .hex               ro code   0x800'774c   0x184  stm32l1xx_dma.o [1]
  .hex               ro code   0x800'78d0   0x2d8  protocol_L6IR_encoder_new.o [1]
  .hex               ro code   0x800'7ba8   0x298  stm32l1xx_it.o [1]
  .hex               ro code   0x800'7e40    0x14  Sensors.o [1]
  .hex               ro code   0x800'7e54    0x1c  led_control.o [1]
  .hex               ro code   0x800'7e70   0x278  main.o [1]
  .hex               ro code   0x800'80e8   0x1f8  system_stm32l1xx.o [1]
  .hex               ro code   0x800'82e0    0x9c  system_timer.o [1]
  .hex               ro code   0x800'837c   0x190  protocol_L6IR_encoder_old.o [1]
  .text              ro code   0x800'850c    0x38  packbits_init_single.o [4]
  .text              ro code   0x800'8544    0x28  data_init.o [4]
  .iar.init_table    const     0x800'856c    0x20  - Linker created -
  .text              ro code   0x800'858c    0x1e  cmain.o [4]
  .text              ro code   0x800'85aa     0x4  low_level_init.o [2]
  .text              ro code   0x800'85ae     0x4  exit.o [2]
  .text              ro code   0x800'85b4     0xa  cexit.o [4]
  .text              ro code   0x800'85c0    0x14  exit.o [5]
  .text              ro code   0x800'85d4    0x10  startup_stm32l1xx_md.o [1]
  .text              ro code   0x800'85e4     0xc  cstartup_M.o [4]
  .text              ro code   0x800'85f0     0x4  startup_stm32l1xx_md.o [1]
  .text              ro code   0x800'85f4     0x4  startup_stm32l1xx_md.o [1]
  .text              ro code   0x800'85f8     0x4  startup_stm32l1xx_md.o [1]
  .text              ro code   0x800'85fc     0x4  startup_stm32l1xx_md.o [1]
  .text              ro code   0x800'8600     0x4  startup_stm32l1xx_md.o [1]
  .text              ro code   0x800'8604     0x4  startup_stm32l1xx_md.o [1]
  .text              ro code   0x800'8608     0x4  startup_stm32l1xx_md.o [1]
  .text              ro code   0x800'860c     0x4  startup_stm32l1xx_md.o [1]
  .text              ro code   0x800'8610     0x4  startup_stm32l1xx_md.o [1]
  .text              ro code   0x800'8614     0x4  startup_stm32l1xx_md.o [1]
  .text              ro code   0x800'8618     0x4  startup_stm32l1xx_md.o [1]
  .text              ro code   0x800'861c     0x4  startup_stm32l1xx_md.o [1]
  .text              ro code   0x800'8620     0x4  startup_stm32l1xx_md.o [1]
  .text              ro code   0x800'8624     0x4  startup_stm32l1xx_md.o [1]
  .text              ro code   0x800'8628     0x4  startup_stm32l1xx_md.o [1]
  .text              ro code   0x800'862c     0x4  startup_stm32l1xx_md.o [1]
  .text              ro code   0x800'8630     0x4  startup_stm32l1xx_md.o [1]
  .text              ro code   0x800'8634     0x4  startup_stm32l1xx_md.o [1]
  .text              ro code   0x800'8638     0x4  startup_stm32l1xx_md.o [1]
  .text              ro code   0x800'863c     0x4  startup_stm32l1xx_md.o [1]
  .text              ro code   0x800'8640     0x4  startup_stm32l1xx_md.o [1]
  .text              ro code   0x800'8644     0x4  startup_stm32l1xx_md.o [1]
  .text              ro code   0x800'8648     0x4  startup_stm32l1xx_md.o [1]
  .text              ro code   0x800'864c     0x4  startup_stm32l1xx_md.o [1]
  .text              ro code   0x800'8650     0x4  startup_stm32l1xx_md.o [1]
  .text              ro code   0x800'8654     0x4  startup_stm32l1xx_md.o [1]
  .text              ro code   0x800'8658     0x4  startup_stm32l1xx_md.o [1]
  .text              ro code   0x800'865c     0x4  startup_stm32l1xx_md.o [1]
  .text              ro code   0x800'8660     0x4  startup_stm32l1xx_md.o [1]
  .text              ro code   0x800'8664     0x4  startup_stm32l1xx_md.o [1]
  .text              ro code   0x800'8668     0x4  startup_stm32l1xx_md.o [1]
  .text              ro code   0x800'866c     0x4  startup_stm32l1xx_md.o [1]
  .text              ro code   0x800'8670     0x4  startup_stm32l1xx_md.o [1]
  .text              ro code   0x800'8674     0x4  startup_stm32l1xx_md.o [1]
  .text              ro code   0x800'8678     0x4  startup_stm32l1xx_md.o [1]
  .text              ro code   0x800'867c     0x4  startup_stm32l1xx_md.o [1]
  .text              ro code   0x800'8680     0x4  startup_stm32l1xx_md.o [1]
  .text              ro code   0x800'8684     0x4  startup_stm32l1xx_md.o [1]
  .text              ro code   0x800'8688     0x4  startup_stm32l1xx_md.o [1]
  .text              ro code   0x800'868c     0x4  startup_stm32l1xx_md.o [1]
  .text              ro code   0x800'8690     0x4  startup_stm32l1xx_md.o [1]
  .text              ro code   0x800'8694     0x4  startup_stm32l1xx_md.o [1]
  .text              ro code   0x800'8698     0x4  startup_stm32l1xx_md.o [1]
  .text              ro code   0x800'869c     0x4  startup_stm32l1xx_md.o [1]
  .text              ro code   0x800'86a0     0x4  startup_stm32l1xx_md.o [1]
  .text              ro code   0x800'86a4     0x4  startup_stm32l1xx_md.o [1]
  .text              ro code   0x800'86a8     0x4  startup_stm32l1xx_md.o [1]
  .text              ro code   0x800'86ac     0x4  startup_stm32l1xx_md.o [1]
  .text              ro code   0x800'86b0     0x4  startup_stm32l1xx_md.o [1]
  .text              ro code   0x800'86b4     0x4  startup_stm32l1xx_md.o [1]
  .text              ro code   0x800'86b8     0x4  startup_stm32l1xx_md.o [1]
  .text              ro code   0x800'86bc     0x4  startup_stm32l1xx_md.o [1]
  .text              ro code   0x800'86c0     0x4  startup_stm32l1xx_md.o [1]
  .text              ro code   0x800'86c4     0x4  startup_stm32l1xx_md.o [1]
  .rodata            const     0x800'86c8     0x0  zero_init3.o [4]
  .rodata            const     0x800'86c8     0x0  packbits_init_single.o [4]
  Initializer bytes  const     0x800'86c8   0x143  <for P2-1>
                             - 0x800'880b  0x8717

"P2", part 1 of 3:                          0x171
  P2-1                        0x2000'0000   0x171  <Init block>
    .data            inited   0x2000'0000    0xc8  Ball.o [1]
    .data            inited   0x2000'00c8    0x10  Camera.o [1]
    .data            inited   0x2000'00d8     0xc  protocol_L6IR.o [1]
    .data            inited   0x2000'00e4     0xc  protocol_L6IR.o [1]
    .data            inited   0x2000'00f0    0x10  protocol_L6IR.o [1]
    .data            inited   0x2000'0100    0x10  protocol_L6IR.o [1]
    .data            inited   0x2000'0110    0x10  protocol_L6IR.o [1]
    .data            inited   0x2000'0120    0x10  protocol_L6IR.o [1]
    .data            inited   0x2000'0130     0xc  stm32l1xx_rcc.o [1]
    .data            inited   0x2000'013c    0x10  stm32l1xx_rcc.o [1]
    .data            inited   0x2000'014c     0x4  system_stm32l1xx.o [1]
    .data            inited   0x2000'0150     0xc  system_stm32l1xx.o [1]
    .data            inited   0x2000'015c    0x10  system_stm32l1xx.o [1]
    .data            inited   0x2000'016c     0x1  Camera.o [1]
    .data            inited   0x2000'016d     0x1  main.o [1]
    .data            inited   0x2000'016e     0x1  net.o [1]
    .data            inited   0x2000'016f     0x1  protocol_L6IR.o [1]
    .data            inited   0x2000'0170     0x1  stm32l1xx_it.o [1]
                            - 0x2000'0171   0x171

"P2", part 2 of 3:                          0xa98
  .bss               zero     0x2000'0174   0x3d4  Camera.o [1]
  .bss               zero     0x2000'0548   0x1a0  Camera.o [1]
  .bss               zero     0x2000'06e8    0xc0  main.o [1]
  .bss               zero     0x2000'07a8    0xb4  net.o [1]
  .bss               zero     0x2000'085c    0x74  main.o [1]
  .bss               zero     0x2000'08d0    0x6c  Camera.o [1]
  .bss               zero     0x2000'093c    0x44  net.o [1]
  .bss               zero     0x2000'0980    0x40  main.o [1]
  .bss               zero     0x2000'09c0    0x28  Ball.o [1]
  .bss               zero     0x2000'09e8    0x28  net.o [1]
  .bss               zero     0x2000'0a10    0x28  net.o [1]
  .bss               zero     0x2000'0a38    0x1c  Camera.o [1]
  .bss               zero     0x2000'0a54    0x1c  net.o [1]
  .bss               zero     0x2000'0a70    0x18  Ball.o [1]
  .bss               zero     0x2000'0a88    0x10  Ball.o [1]
  .bss               zero     0x2000'0a98    0x10  net.o [1]
  .bss               zero     0x2000'0aa8     0xc  net.o [1]
  .bss               zero     0x2000'0ab4     0xc  net.o [1]
  .bss               zero     0x2000'0ac0     0xc  net.o [1]
  .bss               zero     0x2000'0acc     0xc  net.o [1]
  .bss               zero     0x2000'0ad8     0xc  net.o [1]
  .bss               zero     0x2000'0ae4     0xc  net.o [1]
  .bss               zero     0x2000'0af0     0xc  net.o [1]
  .bss               zero     0x2000'0afc     0xc  net.o [1]
  .bss               zero     0x2000'0b08     0xc  net.o [1]
  .bss               zero     0x2000'0b14     0xc  net.o [1]
  .bss               zero     0x2000'0b20     0xc  net.o [1]
  .bss               zero     0x2000'0b2c     0xc  net.o [1]
  .bss               zero     0x2000'0b38     0xc  net.o [1]
  .bss               zero     0x2000'0b44     0xc  net.o [1]
  .bss               zero     0x2000'0b50     0xc  net.o [1]
  .bss               zero     0x2000'0b5c     0xc  net.o [1]
  .bss               zero     0x2000'0b68     0xc  net.o [1]
  .bss               zero     0x2000'0b74     0xc  net.o [1]
  .bss               zero     0x2000'0b80     0xc  protocol_L6IR.o [1]
  .bss               zero     0x2000'0b8c     0xc  protocol_L6IR.o [1]
  .bss               zero     0x2000'0b98     0xc  protocol_L6IR.o [1]
  .bss               zero     0x2000'0ba4     0xc  protocol_L6IR.o [1]
  .bss               zero     0x2000'0bb0     0x8  main.o [1]
  .bss               zero     0x2000'0bb8     0x8  Sensors.o [1]
  .bss               zero     0x2000'0bc0     0x8  system_init.o [1]
  .bss               zero     0x2000'0bc8     0x4  Ball.o [1]
  .bss               zero     0x2000'0bcc     0x4  Ball.o [1]
  .bss               zero     0x2000'0bd0     0x4  Camera.o [1]
  .bss               zero     0x2000'0bd4     0x4  net.o [1]
  .bss               zero     0x2000'0bd8     0x4  net.o [1]
  .bss               zero     0x2000'0bdc     0x4  protocol_L6IR.o [1]
  .bss               zero     0x2000'0be0     0x4  system_timer.o [1]
  .bss               zero     0x2000'0be4     0x2  Camera.o [1]
  .bss               zero     0x2000'0be6     0x2  main.o [1]
  .bss               zero     0x2000'0be8     0x2  net.o [1]
  .bss               zero     0x2000'0bea     0x2  net.o [1]
  .bss               zero     0x2000'0bec     0x2  net.o [1]
  .bss               zero     0x2000'0bee     0x2  net.o [1]
  .bss               zero     0x2000'0bf0     0x2  net.o [1]
  .bss               zero     0x2000'0bf2     0x2  protocol_L6IR.o [1]
  .bss               zero     0x2000'0bf4     0x2  stm32l1xx_it.o [1]
  .bss               zero     0x2000'0bf6     0x1  Camera.o [1]
  .bss               zero     0x2000'0bf7     0x1  Camera.o [1]
  .bss               zero     0x2000'0bf8     0x1  Camera.o [1]
  .bss               zero     0x2000'0bf9     0x1  main.o [1]
  .bss               zero     0x2000'0bfa     0x1  main.o [1]
  .bss               zero     0x2000'0bfb     0x1  main.o [1]
  .bss               zero     0x2000'0bfc     0x1  net.o [1]
  .bss               zero     0x2000'0bfd     0x1  net.o [1]
  .bss               zero     0x2000'0bfe     0x1  net.o [1]
  .bss               zero     0x2000'0bff     0x1  net.o [1]
  .bss               zero     0x2000'0c00     0x1  operator_control.o [1]
  .bss               zero     0x2000'0c01     0x1  operator_control.o [1]
  .bss               zero     0x2000'0c02     0x1  operator_control.o [1]
  .bss               zero     0x2000'0c03     0x1  protocol_L6IR.o [1]
  .bss               zero     0x2000'0c04     0x1  protocol_L6IR.o [1]
  .bss               zero     0x2000'0c05     0x1  protocol_L6IR.o [1]
  .bss               zero     0x2000'0c06     0x1  stm32l1xx_it.o [1]
  .bss               zero     0x2000'0c07     0x1  stm32l1xx_it.o [1]
  .bss               zero     0x2000'0c08     0x1  stm32l1xx_it.o [1]
                            - 0x2000'0c09   0xa95

"P2", part 3 of 3:                         0x1000
  CSTACK                      0x2000'0c10  0x1000  <Block>
    CSTACK           uninit   0x2000'0c10  0x1000  <Block tail>
                            - 0x2000'1c10  0x1000

Unused ranges:

         From           To      Size
         ----           --      ----
   0x800'880b   0x803'ffff  0x3'77f5
  0x2000'0171  0x2000'0173       0x3
  0x2000'0c0c  0x2000'0c0f       0x4
  0x2000'1c10  0x2000'7fff    0x63f0


*******************************************************************************
*** INIT TABLE
***

          Address      Size
          -------      ----
Zero (__iar_zero_init3)
    1 destination range, total size 0xa95:
          0x2000'0174  0xa95

Copy/packbits (__iar_packbits_init_single3)
    1 source range, total size 0x143 (87% of destination):
           0x800'86c8  0x143
    1 destination range, total size 0x171:
          0x2000'0000  0x171



*******************************************************************************
*** MODULE SUMMARY
***

    Module                       ro code  ro data  rw data
    ------                       -------  -------  -------
command line/config:
    ------------------------------------------------------
    Total:

D:\projects\L6IR\programm\L6IR_pro\Debug\Obj: [1]
    Ball.o                         1 952      175      288
    Buffer.o                         628
    Camera.o                       3 716       15    1 558
    Sensors.o                         20                 8
    default_flash_content_PT9.o      332
    keys.o                           104
    led_control.o                     28
    main.o                           632        1      386
    misc.o                           156
    net.o                          7 166        1      611
    operator_control.o                                   3
    protocol_L6IR.o                1 920       78      146
    protocol_L6IR_encoder_new.o      728
    protocol_L6IR_encoder_old.o      400
    rfu.o                             60
    rfu_ram.o                      1 360
    rfu_stm32L10x.o                  346
    settings.o                         4
    startup_stm32l1xx_md.o           476
    stm32l1xx_adc.o                  800
    stm32l1xx_dma.o                  388
    stm32l1xx_flash.o                 44
    stm32l1xx_gpio.o                 334
    stm32l1xx_it.o                   664        1        6
    stm32l1xx_rcc.o                  592       24       28
    stm32l1xx_spi.o                  120
    stm32l1xx_usart.o                640
    system_init.o                  1 160                 8
    system_stm32l1xx.o               504       28       32
    system_timer.o                   156                 4
    ------------------------------------------------------
    Total:                        25 430      323    3 078

dl7M_tln.a: [2]
    exit.o                             4
    low_level_init.o                   4
    ------------------------------------------------------
    Total:                             8

m7M_tl.a: [3]
    DblAdd.o                         378
    DblCmpEq.o                        32
    DblCmpGe.o                        46
    DblCmpLe.o                        46
    DblDiv.o                         582
    DblMul.o                         418
    DblSub.o                         226
    DblToFlt.o                       104
    DblToS32.o                        58
    DblToU32.o                        40
    FltAdd.o                         226
    FltCmpEq.o                        28
    FltCmpGe.o                        36
    FltCmpLe.o                        36
    FltDiv.o                         252
    FltMul.o                         216
    FltSub.o                         128
    FltToDbl.o                        72
    FltToS32.o                        42
    FltToU32.o                        34
    S32ToDbl.o                        34
    S32ToFlt.o                        36
    U32ToFlt.o                        28
    cos_sin64.o                    1 056
    exp64.o                           48
    floor.o                           88
    frexp.o                          112
    iar_Exp64.o                      916
    ldexp.o                          314
    pow64.o                        2 912
    ------------------------------------------------------
    Total:                         8 544

rt7M_tl.a: [4]
    ABImemclr4.o                       6
    ABImemcpy.o                      166
    ABImemset48.o                     50
    cexit.o                           10
    cmain.o                           30
    cstartup_M.o                      12
    data_init.o                       40
    packbits_init_single.o            56
    zero_init3.o                      58
    ------------------------------------------------------
    Total:                           428

shb_l.a: [5]
    exit.o                            20
    ------------------------------------------------------
    Total:                            20

    Gaps                              42
    Linker created                             32    4 096
----------------------------------------------------------
    Grand Total:                  34 472      355    7 174


*******************************************************************************
*** ENTRY LIST
***

Entry                       Address    Size  Type      Object
-----                       -------    ----  ----      ------
.iar.init_table$$Base    0x800'856c           --   Gb  - Linker created -
.iar.init_table$$Limit   0x800'858c           --   Gb  - Linker created -
?main                    0x800'858d          Code  Gb  cmain.o [4]
ADC_Cmd                  0x800'749f    0x1c  Code  Gb  stm32l1xx_adc.o [1]
ADC_CommonStructInit     0x800'7499     0x6  Code  Gb  stm32l1xx_adc.o [1]
ADC_ContinuousModeCmd    0x800'76dd    0x1c  Code  Gb  stm32l1xx_adc.o [1]
ADC_DMACmd               0x800'76f9    0x1c  Code  Gb  stm32l1xx_adc.o [1]
ADC_DMARequestAfterLastTransferCmd
                         0x800'7715    0x1c  Code  Gb  stm32l1xx_adc.o [1]
ADC_DeInit               0x800'742d    0x20  Code  Gb  stm32l1xx_adc.o [1]
ADC_DelaySelectionConfig
                         0x800'74bb    0x16  Code  Gb  stm32l1xx_adc.o [1]
ADC_GetFlagStatus        0x800'7731    0x1c  Code  Gb  stm32l1xx_adc.o [1]
ADC_Init                 0x800'744d    0x4c  Code  Gb  stm32l1xx_adc.o [1]
ADC_RegularChannelConfig
                         0x800'74dd   0x1f6  Code  Gb  stm32l1xx_adc.o [1]
ADC_SoftwareStartConv    0x800'76d3     0xa  Code  Gb  stm32l1xx_adc.o [1]
ADC_data                0x2000'0bc0     0x8  Data  Gb  system_init.o [1]
ADC_init_func            0x800'727b    0xf2  Code  Gb  system_init.o [1]
AHBPrescTable           0x2000'015c    0x10  Data  Gb  system_stm32l1xx.o [1]
APBAHBPrescTable        0x2000'013c    0x10  Data  Lc  stm32l1xx_rcc.o [1]
BusFault_Handler         0x800'7baf     0x2  Code  Gb  stm32l1xx_it.o [1]
CSTACK$$Base            0x2000'0c10           --   Gb  - Linker created -
CSTACK$$Limit           0x2000'1c10           --   Gb  - Linker created -
DATA_EEPROM_Unlock       0x800'6edd    0x1c  Code  Gb  stm32l1xx_flash.o [1]
DMA_Cmd                  0x800'787b    0x1e  Code  Gb  stm32l1xx_dma.o [1]
DMA_DeInit               0x800'774d    0xf2  Code  Gb  stm32l1xx_dma.o [1]
DMA_Init                 0x800'783f    0x3c  Code  Gb  stm32l1xx_dma.o [1]
DebugMon_Handler         0x800'7bb5     0x2  Code  Gb  stm32l1xx_it.o [1]
GPIO_Configuration       0x800'6f09   0x274  Code  Gb  system_init.o [1]
GPIO_Init                0x800'34a5    0xc8  Code  Gb  stm32l1xx_gpio.o [1]
GPIO_PinAFConfig         0x800'3591    0x62  Code  Gb  stm32l1xx_gpio.o [1]
GPIO_ReadInputDataBit    0x800'356d    0x1c  Code  Gb  stm32l1xx_gpio.o [1]
GPIO_ResetBits           0x800'358d     0x4  Code  Gb  stm32l1xx_gpio.o [1]
GPIO_SetBits             0x800'3589     0x4  Code  Gb  stm32l1xx_gpio.o [1]
HardFault_Handler        0x800'7bab     0x2  Code  Gb  stm32l1xx_it.o [1]
IniRingBuf               0x800'1dd3    0x16  Code  Gb  Buffer.o [1]
Init_key                 0x800'25b7     0xe  Code  Gb  keys.o [1]
MemManage_Handler        0x800'7bad     0x2  Code  Gb  stm32l1xx_it.o [1]
NMI_Handler              0x800'7ba9     0x2  Code  Gb  stm32l1xx_it.o [1]
NVIC_Configuration       0x800'717d    0x4c  Code  Gb  system_init.o [1]
NVIC_Init                0x800'739b    0x68  Code  Gb  misc.o [1]
NVIC_PriorityGroupConfig
                         0x800'7391     0xa  Code  Gb  misc.o [1]
NVIC_SetVectorTable      0x800'7403     0xc  Code  Gb  misc.o [1]
PLLMulTable             0x2000'0130     0xc  Data  Lc  stm32l1xx_rcc.o [1]
PLLMulTable             0x2000'0150     0xc  Data  Gb  system_stm32l1xx.o [1]
PendSV_Handler           0x800'7bb7     0x2  Code  Gb  stm32l1xx_it.o [1]
Power_control_func       0x800'0999    0xd0  Code  Gb  net.o [1]
RCC_AHBPeriphClockCmd    0x800'37cb    0x1c  Code  Gb  stm32l1xx_rcc.o [1]
RCC_APB1PeriphClockCmd   0x800'3803    0x1c  Code  Gb  stm32l1xx_rcc.o [1]
RCC_APB1PeriphResetCmd   0x800'383b    0x1c  Code  Gb  stm32l1xx_rcc.o [1]
RCC_APB2PeriphClockCmd   0x800'37e7    0x1c  Code  Gb  stm32l1xx_rcc.o [1]
RCC_APB2PeriphResetCmd   0x800'381f    0x1c  Code  Gb  stm32l1xx_rcc.o [1]
RCC_GetClocksFreq        0x800'369d   0x12e  Code  Gb  stm32l1xx_rcc.o [1]
RCC_HCLKConfig           0x800'3679    0x12  Code  Gb  stm32l1xx_rcc.o [1]
RCC_HSICmd               0x800'363d     0xc  Code  Gb  stm32l1xx_rcc.o [1]
RCC_PCLK2Config          0x800'368b    0x12  Code  Gb  stm32l1xx_rcc.o [1]
RCC_PLLCmd               0x800'365b     0xc  Code  Gb  stm32l1xx_rcc.o [1]
RCC_PLLConfig            0x800'3649    0x12  Code  Gb  stm32l1xx_rcc.o [1]
RCC_SYSCLKConfig         0x800'3667    0x12  Code  Gb  stm32l1xx_rcc.o [1]
RFU_CODE_init$$Base             0x0           --   Gb  - Linker created -
RFU_CODE_init$$Length           0x0           --   Gb  - Linker created -
RFU_FLASH_ClearFlag      0x800'6e21     0x6  Code  Gb  rfu_stm32L10x.o [1]
RFU_FLASH_EraseAllPages
                         0x800'6dc9    0x2c  Code  Gb  rfu_stm32L10x.o [1]
RFU_FLASH_ErasePage      0x800'6d7b    0x4e  Code  Gb  rfu_stm32L10x.o [1]
RFU_FLASH_FastProgramWord
                         0x800'6df5    0x2c  Code  Gb  rfu_stm32L10x.o [1]
RFU_FLASH_GetStatus      0x800'6e27    0x2a  Code  Gb  rfu_stm32L10x.o [1]
RFU_FLASH_Lock           0x800'6d6f     0xc  Code  Gb  rfu_stm32L10x.o [1]
RFU_FLASH_Unlock         0x800'6d4d    0x22  Code  Gb  rfu_stm32L10x.o [1]
RFU_FLASH_WaitForLastOperation
                         0x800'6e6d    0x3a  Code  Gb  rfu_stm32L10x.o [1]
RXD                     0x2000'0980    0x40  Data  Gb  main.o [1]
RXbuf                   0x2000'0b8c     0xc  Data  Gb  protocol_L6IR.o [1]
Region$$Table$$Base      0x800'856c           --   Gb  - Linker created -
Region$$Table$$Limit     0x800'858c           --   Gb  - Linker created -
RfuOverlay$$Base                0x0           --   Gb  - Linker created -
SPI_Cmd                  0x800'38cb    0x1e  Code  Gb  stm32l1xx_spi.o [1]
SPI_I2S_GetFlagStatus    0x800'38f1    0x14  Code  Gb  stm32l1xx_spi.o [1]
SPI_I2S_ReceiveData      0x800'38e9     0x4  Code  Gb  stm32l1xx_spi.o [1]
SPI_I2S_SendData         0x800'38ed     0x4  Code  Gb  stm32l1xx_spi.o [1]
SPI_Init                 0x800'388d    0x3e  Code  Gb  stm32l1xx_spi.o [1]
SPI_init_func            0x800'7221    0x58  Code  Gb  system_init.o [1]
SVC_Handler              0x800'7bb3     0x2  Code  Gb  stm32l1xx_it.o [1]
SetSysClock              0x800'81fd    0xa6  Code  Lc  system_stm32l1xx.o [1]
SysTick_Config           0x800'830d    0x30  Code  Lc  system_timer.o [1]
SysTick_Handler          0x800'7cf9    0xf0  Code  Gb  stm32l1xx_it.o [1]
SystemCoreClock         0x2000'014c     0x4  Data  Gb  system_stm32l1xx.o [1]
SystemCoreClockUpdate    0x800'812b    0xd2  Code  Gb  system_stm32l1xx.o [1]
SystemInit               0x800'80e9    0x42  Code  Gb  system_stm32l1xx.o [1]
TXD                     0x2000'06e8    0xc0  Data  Gb  main.o [1]
TXbuf                   0x2000'0b80     0xc  Data  Gb  protocol_L6IR.o [1]
UART_init                0x800'71c9    0x58  Code  Gb  system_init.o [1]
USART1_IRQHandler        0x800'7bb9   0x140  Code  Gb  stm32l1xx_it.o [1]
USART_Cmd                0x800'21c1    0x1e  Code  Gb  stm32l1xx_usart.o [1]
USART_DeInit             0x800'2049    0x90  Code  Gb  stm32l1xx_usart.o [1]
USART_GetITStatus        0x800'225f    0x6a  Code  Gb  stm32l1xx_usart.o [1]
USART_ITConfig           0x800'21ef    0x70  Code  Gb  stm32l1xx_usart.o [1]
USART_Init               0x800'20d9    0xd0  Code  Gb  stm32l1xx_usart.o [1]
USART_ReceiveData        0x800'21e7     0x8  Code  Gb  stm32l1xx_usart.o [1]
USART_SendData           0x800'21df     0x8  Code  Gb  stm32l1xx_usart.o [1]
UsageFault_Handler       0x800'7bb1     0x2  Code  Gb  stm32l1xx_it.o [1]
__NVIC_SetPriority       0x800'82e1    0x2c  Code  Lc  system_timer.o [1]
__aeabi_cdcmpeq          0x800'5a51          Code  Gb  DblCmpEq.o [3]
__aeabi_cdcmple          0x800'5ae1          Code  Gb  DblCmpLe.o [3]
__aeabi_cdrcmple         0x800'5c71          Code  Gb  DblCmpGe.o [3]
__aeabi_cfcmpeq          0x800'3b29          Code  Gb  FltCmpEq.o [3]
__aeabi_cfcmple          0x800'2545          Code  Gb  FltCmpLe.o [3]
__aeabi_cfrcmple         0x800'35f5          Code  Gb  FltCmpGe.o [3]
__aeabi_d2f              0x800'49a1          Code  Gb  DblToFlt.o [3]
__aeabi_d2iz             0x800'4a61          Code  Gb  DblToS32.o [3]
__aeabi_d2uiz            0x800'3ead          Code  Gb  DblToU32.o [3]
__aeabi_dadd             0x800'3d31          Code  Gb  DblAdd.o [3]
__aeabi_ddiv             0x800'4759          Code  Gb  DblDiv.o [3]
__aeabi_dmul             0x800'3b8d          Code  Gb  DblMul.o [3]
__aeabi_dsub             0x800'4675          Code  Gb  DblSub.o [3]
__aeabi_f2d              0x800'3b45          Code  Gb  FltToDbl.o [3]
__aeabi_f2iz             0x800'258d          Code  Gb  FltToS32.o [3]
__aeabi_f2uiz            0x800'2569          Code  Gb  FltToU32.o [3]
__aeabi_fadd             0x800'2365          Code  Gb  FltAdd.o [3]
__aeabi_fdiv             0x800'2449          Code  Gb  FltDiv.o [3]
__aeabi_fmul             0x800'3905          Code  Gb  FltMul.o [3]
__aeabi_fsub             0x800'22e5          Code  Gb  FltSub.o [3]
__aeabi_i2d              0x800'5c4d          Code  Gb  S32ToDbl.o [3]
__aeabi_i2f              0x800'3619          Code  Gb  S32ToFlt.o [3]
__aeabi_memclr4          0x800'6d45          Code  Gb  ABImemclr4.o [4]
__aeabi_memcpy           0x800'1d2d          Code  Gb  ABImemcpy.o [4]
__aeabi_memcpy4          0x800'1d4d          Code  Gb  ABImemcpy.o [4]
__aeabi_memcpy8          0x800'1d4d          Code  Gb  ABImemcpy.o [4]
__aeabi_ui2f             0x800'22c9          Code  Gb  U32ToFlt.o [3]
__cmain                  0x800'858d          Code  Gb  cmain.o [4]
__exit                   0x800'85c1    0x14  Code  Gb  exit.o [5]
__iar_Exp64              0x800'5ca1   0x340  Code  Gb  iar_Exp64.o [3]
__iar_Memset4_word       0x800'6ea9          Code  Gb  ABImemset48.o [4]
__iar_Memset8_word       0x800'6ea9          Code  Gb  ABImemset48.o [4]
__iar_Pow64              0x800'4aa1   0x6a8  Code  Lc  pow64.o [3]
__iar_Sin64              0x800'5631   0x390  Code  Lc  cos_sin64.o [3]
__iar_dadd               0x800'4685          Code  Gb  DblSub.o [3]
__iar_data_init3         0x800'8545    0x28  Code  Gb  data_init.o [4]
__iar_dsub               0x800'3d41          Code  Gb  DblAdd.o [3]
__iar_dsubStart          0x800'3d53          Code  Gb  DblAdd.o [3]
__iar_exp64              0x800'5601    0x30  Code  Gb  exp64.o [3]
__iar_exp_medium         0x800'5601    0x30  Code  Gb  exp64.o [3]
__iar_exp_medium64       0x800'5601    0x30  Code  Gb  exp64.o [3]
__iar_exp_mediuml        0x800'5601    0x30  Code  Gb  exp64.o [3]
__iar_fadd               0x800'22f1          Code  Gb  FltSub.o [3]
__iar_floor64            0x800'4a09          Code  Gb  floor.o [3]
__iar_frexp              0x800'5a7d          Code  Gb  frexp.o [3]
__iar_frexp64            0x800'5a71          Code  Gb  frexp.o [3]
__iar_frexpl             0x800'5a7d          Code  Gb  frexp.o [3]
__iar_fsub               0x800'2371          Code  Gb  FltAdd.o [3]
__iar_fsubStart          0x800'2381          Code  Gb  FltAdd.o [3]
__iar_ldexp64            0x800'5b11          Code  Gb  ldexp.o [3]
__iar_packbits_init_single3
                         0x800'850d    0x38  Code  Gb  packbits_init_single.o [4]
__iar_pow64              0x800'51d1     0xc  Code  Gb  pow64.o [3]
__iar_pow_medium         0x800'51d1     0xc  Code  Gb  pow64.o [3]
__iar_pow_medium64       0x800'51d1     0xc  Code  Gb  pow64.o [3]
__iar_pow_mediuml        0x800'51d1     0xc  Code  Gb  pow64.o [3]
__iar_program_start      0x800'85e5          Code  Gb  cstartup_M.o [4]
__iar_scalbln64          0x800'5b11          Code  Gb  ldexp.o [3]
__iar_scalbn64           0x800'5b11          Code  Gb  ldexp.o [3]
__iar_sin64              0x800'5a4d     0x4  Code  Gb  cos_sin64.o [3]
__iar_sin_medium         0x800'5a4d     0x4  Code  Gb  cos_sin64.o [3]
__iar_sin_medium64       0x800'5a4d     0x4  Code  Gb  cos_sin64.o [3]
__iar_sin_mediuml        0x800'5a4d     0x4  Code  Gb  cos_sin64.o [3]
__iar_zero_init3         0x800'1cf3    0x3a  Code  Gb  zero_init3.o [4]
__low_level_init         0x800'85ab     0x4  Code  Gb  low_level_init.o [2]
__vector_table           0x800'0000          Data  Gb  startup_stm32l1xx_md.o [1]
_call_main               0x800'8599          Code  Gb  cmain.o [4]
_exit                    0x800'85b5          Code  Gb  cexit.o [4]
_main                    0x800'85a7          Code  Gb  cmain.o [4]
balCalculate             0x800'3f21   0x65e  Code  Gb  Ball.o [1]
balCalculate::pref_correct_g
                        0x2000'0bc8     0x4  Data  Lc  Ball.o [1]
balCalculate::pref_correct_v
                        0x2000'0bcc     0x4  Data  Lc  Ball.o [1]
bullet                  0x2000'0a88    0x10  Data  Gb  Ball.o [1]
calibrate_compass       0x2000'0ae4     0xc  Data  Gb  net.o [1]
cam_operation           0x2000'0bf7     0x1  Data  Gb  Camera.o [1]
cam_power_state         0x2000'016c     0x1  Data  Gb  Camera.o [1]
cam_sets                0x2000'08d0    0x6c  Data  Gb  Camera.o [1]
check_crc                0x800'1fdf    0x36  Code  Gb  Buffer.o [1]
clean                    0x800'1e25     0xe  Code  Gb  Buffer.o [1]
correct_enter            0x800'2c3f   0x100  Code  Gb  Camera.o [1]
counter_sys             0x2000'0bf4     0x2  Data  Gb  stm32l1xx_it.o [1]
critcal_section_level   0x2000'0be4     0x2  Data  Gb  Camera.o [1]
ctrl_unit_masks_buf     0x2000'0120    0x10  Data  Gb  protocol_L6IR.o [1]
cu_get_keys             0x2000'0ab4     0xc  Data  Gb  net.o [1]
cu_get_net_condition    0x2000'0ac0     0xc  Data  Gb  net.o [1]
current_buff_summ       0x2000'0bd8     0x4  Data  Gb  net.o [1]
currient_focus          0x2000'0bdc     0x4  Data  Gb  protocol_L6IR.o [1]
default_ball_ini         0x800'3ed5    0x4c  Code  Gb  Ball.o [1]
default_cam_sets         0x800'2d3f    0xc4  Code  Gb  Camera.o [1]
default_flash_content    0x800'39dd   0x14c  Code  Gb  default_flash_content_PT9.o [1]
del_stsp                 0x800'1f09    0x58  Code  Gb  Buffer.o [1]
disp_buff               0x2000'0a10    0x28  Data  Gb  net.o [1]
display_st              0x2000'0c00     0x1  Data  Gb  operator_control.o [1]
dow_crc                  0x800'1f61    0x7e  Code  Gb  Buffer.o [1]
encoder0                0x2000'0b98     0xc  Data  Gb  protocol_L6IR.o [1]
encoder0_func            0x800'79f3   0x17c  Code  Gb  protocol_L6IR_encoder_new.o [1]
encoder0_func_2enc       0x800'837d   0x162  Code  Gb  protocol_L6IR_encoder_old.o [1]
encoder0_masks_buf      0x2000'0100    0x10  Data  Gb  protocol_L6IR.o [1]
encoder1                0x2000'0ba4     0xc  Data  Gb  protocol_L6IR.o [1]
encoder1_func            0x800'78d1    0x98  Code  Gb  protocol_L6IR_encoder_new.o [1]
encoder1_masks_buf      0x2000'0110    0x10  Data  Gb  protocol_L6IR.o [1]
encoder1_t_func          0x800'7969    0x8a  Code  Gb  protocol_L6IR_encoder_new.o [1]
encoder_func_buf        0x2000'00f0    0x10  Data  Gb  protocol_L6IR.o [1]
encoder_func_count      0x2000'0c04     0x1  Data  Gb  protocol_L6IR.o [1]
encoder_func_ini         0x800'60d3    0x26  Code  Gb  protocol_L6IR.o [1]
encoder_minus_buf       0x2000'00e4     0xc  Data  Gb  protocol_L6IR.o [1]
encoder_plus_buf        0x2000'00d8     0xc  Data  Gb  protocol_L6IR.o [1]
enter_critical_section   0x800'2621    0x14  Code  Lc  Camera.o [1]
error_counter           0x2000'0bf2     0x2  Data  Gb  protocol_L6IR.o [1]
exit                     0x800'85af     0x4  Code  Gb  exit.o [2]
exit_critical_section    0x800'2635    0x14  Code  Lc  Camera.o [1]
exp                      0x800'5601    0x30  Code  Gb  exp64.o [3]
expl                     0x800'5601    0x30  Code  Gb  exp64.o [3]
expo_timeout            0x2000'0bf0     0x2  Data  Gb  net.o [1]
expossition_value       0x2000'0bfd     0x1  Data  Gb  net.o [1]
extern_master_find      0x2000'0aa8     0xc  Data  Gb  net.o [1]
eye_buff                0x2000'09e8    0x28  Data  Gb  net.o [1]
eye_buff_point          0x2000'0bfe     0x1  Data  Gb  net.o [1]
eye_buff_quant          0x2000'0bff     0x1  Data  Gb  net.o [1]
eye_buff_sum            0x2000'0bd4     0x4  Data  Gb  net.o [1]
eye_sens_par            0x2000'0a98    0x10  Data  Gb  net.o [1]
eye_sens_set_level       0x800'33db    0x56  Code  Gb  Camera.o [1]
eye_sens_set_level_count
                        0x2000'0bf8     0x1  Data  Gb  Camera.o [1]
eye_sens_state          0x2000'0c02     0x1  Data  Gb  operator_control.o [1]
flash                   0x2000'0548   0x1a0  Data  Gb  Camera.o [1]
flash_is_read           0x2000'0bf9     0x1  Data  Gb  main.o [1]
flash_reading_process    0x800'2e11    0x9e  Code  Gb  Camera.o [1]
floor                    0x800'4a09          Code  Gb  floor.o [3]
floorl                   0x800'4a09          Code  Gb  floor.o [3]
frexp                    0x800'5a71          Code  Gb  frexp.o [3]
frexpl                   0x800'5a71          Code  Gb  frexp.o [3]
fuck_next_command       0x2000'0c05     0x1  Data  Gb  protocol_L6IR.o [1]
fuck_power_off_command  0x2000'016f     0x1  Data  Gb  protocol_L6IR.o [1]
func_buffer_ini          0x800'6035    0x9e  Code  Gb  protocol_L6IR.o [1]
galenic_counter         0x2000'0bfa     0x1  Data  Gb  main.o [1]
get                      0x800'1e9b     0x8  Code  Gb  Buffer.o [1]
get_compass             0x2000'0ad8     0xc  Data  Gb  net.o [1]
get_compass_status      0x2000'0af0     0xc  Data  Gb  net.o [1]
get_declinate           0x2000'0b20     0xc  Data  Gb  net.o [1]
get_empty                0x800'1de9     0x4  Code  Gb  Buffer.o [1]
get_encoder_0           0x2000'0b38     0xc  Data  Gb  net.o [1]
get_encoder_1           0x2000'0b44     0xc  Data  Gb  net.o [1]
get_fill                 0x800'1df1    0x34  Code  Gb  Buffer.o [1]
get_focus               0x2000'0b74     0xc  Data  Gb  net.o [1]
get_full                 0x800'1ded     0x4  Code  Gb  Buffer.o [1]
get_gps                 0x2000'0acc     0xc  Data  Gb  net.o [1]
get_inclinate           0x2000'0b14     0xc  Data  Gb  net.o [1]
get_key_event            0x800'25e7    0x38  Code  Gb  keys.o [1]
get_pressure            0x2000'0b08     0xc  Data  Gb  net.o [1]
get_temperature         0x2000'0afc     0xc  Data  Gb  net.o [1]
iclinate_analis          0x800'7e71    0x7e  Code  Gb  main.o [1]
init_spi_objects         0x800'2649   0x192  Code  Gb  Camera.o [1]
insert_crc               0x800'2015    0x32  Code  Gb  Buffer.o [1]
insert_stsp              0x800'1ea3    0x66  Code  Gb  Buffer.o [1]
irled                   0x2000'0c06     0x1  Data  Lc  stm32l1xx_it.o [1]
irledmax                0x2000'0170     0x1  Data  Lc  stm32l1xx_it.o [1]
key1_count              0x2000'0be6     0x2  Data  Gb  main.o [1]
key_menu                0x2000'0bb0     0x8  Data  Gb  main.o [1]
keys                    0x2000'085c    0x74  Data  Gb  main.o [1]
keys_analis              0x800'0c51  0x106e  Code  Gb  net.o [1]
keys_analis_P_O          0x800'1cf1     0x2  Code  Gb  net.o [1]
keys_counter            0x2000'0c08     0x1  Data  Gb  stm32l1xx_it.o [1]
keys_syncro_count       0x2000'0bea     0x2  Data  Gb  net.o [1]
keys_syncro_func         0x800'0b75    0x10  Code  Gb  net.o [1]
ldexp                    0x800'5b11          Code  Gb  ldexp.o [3]
ldexpl                   0x800'5b11          Code  Gb  ldexp.o [3]
led_brightnes           0x2000'016e     0x1  Data  Gb  net.o [1]
led_off                  0x800'7e61     0xc  Code  Gb  led_control.o [1]
led_pulse_control        0x800'7e55     0xc  Code  Gb  led_control.o [1]
led_pulse_enable        0x2000'0bfb     0x1  Data  Gb  main.o [1]
lnbias                   0x800'51e0   0x420  Data  Lc  pow64.o [3]
lpd_requests             0x800'0a69    0xac  Code  Gb  net.o [1]
main                     0x800'7eef   0x18e  Code  Gb  main.o [1]
main_net_count          0x2000'016d     0x1  Data  Gb  main.o [1]
make_request             0x800'0925    0x34  Code  Gb  net.o [1]
mark_tasks               0x800'2ee1   0x48c  Code  Gb  Camera.o [1]
marks_syncro_func        0x800'2eaf    0x12  Code  Gb  Camera.o [1]
net_counter              0x800'082d    0x46  Code  Gb  net.o [1]
net_fault_flag          0x2000'0c07     0x1  Data  Gb  stm32l1xx_it.o [1]
net_fault_function       0x800'0959    0x40  Code  Gb  net.o [1]
net_global_count        0x2000'0bee     0x2  Data  Gb  net.o [1]
net_init                 0x800'041f   0x40e  Code  Gb  net.o [1]
net_set_default          0x800'037f     0xc  Code  Gb  net.o [1]
net_sets                0x2000'0a54    0x1c  Data  Gb  net.o [1]
net_status              0x2000'093c    0x44  Data  Gb  net.o [1]
net_task                 0x800'0873    0xb2  Code  Gb  net.o [1]
obj_in_net              0x2000'0be8     0x2  Data  Gb  net.o [1]
oled_control             0x800'336d    0x6e  Code  Gb  Camera.o [1]
operator_ctrl_consist   0x2000'0c01     0x1  Data  Gb  operator_control.o [1]
pop                      0x800'1e63    0x38  Code  Gb  Buffer.o [1]
pow                      0x800'51d1     0xc  Code  Gb  pow64.o [3]
power_off               0x2000'0b2c     0xc  Data  Gb  net.o [1]
powl                     0x800'51d1     0xc  Code  Gb  pow64.o [3]
pref_net_init            0x800'038b    0x94  Code  Gb  net.o [1]
prev_cam_state          0x2000'0bd0     0x4  Data  Gb  Camera.o [1]
protocol                 0x800'60f9   0x5c6  Code  Gb  protocol_L6IR.o [1]
push                     0x800'1e33    0x30  Code  Gb  Buffer.o [1]
redrow_menu_simbol       0x800'66bf    0x82  Code  Gb  protocol_L6IR.o [1]
rf_get_distance         0x2000'0b68     0xc  Data  Gb  net.o [1]
rf_get_status           0x2000'0b5c     0xc  Data  Gb  net.o [1]
rf_start_messure        0x2000'0b50     0xc  Data  Gb  net.o [1]
rfu_main                 0x800'6923   0x406  Code  Gb  rfu_ram.o [1]
rfu_start                0x800'67b5    0x3c  Code  Gb  rfu.o [1]
rs_frame                0x2000'0c03     0x1  Data  Gb  protocol_L6IR.o [1]
scalbln                  0x800'5b11          Code  Gb  ldexp.o [3]
scalblnl                 0x800'5b11          Code  Gb  ldexp.o [3]
scalbn                   0x800'5b11          Code  Gb  ldexp.o [3]
scalbnl                  0x800'5b11          Code  Gb  ldexp.o [3]
send                     0x800'680d    0xb6  Code  Gb  rfu_ram.o [1]
send_char                0x800'67f5    0x18  Code  Gb  rfu_ram.o [1]
send_ec                  0x800'68c3    0x1e  Code  Gb  rfu_ram.o [1]
send_u32                 0x800'68e1    0x42  Code  Gb  rfu_ram.o [1]
sens_synchro_func        0x800'7e41    0x10  Code  Gb  Sensors.o [1]
sens_synchro_time       0x2000'0bb8     0x8  Data  Lc  Sensors.o [1]
senspar                 0x2000'09c0    0x28  Data  Gb  Ball.o [1]
settings_device_address
                         0x800'67f1     0x4  Code  Gb  settings.o [1]
sin                      0x800'5a4d     0x4  Code  Gb  cos_sin64.o [3]
sinl                     0x800'5a4d     0x4  Code  Gb  cos_sin64.o [3]
smart_device_ini         0x800'00f5   0x28a  Code  Gb  net.o [1]
spi_objects             0x2000'0174   0x3d4  Data  Gb  Camera.o [1]
spi_read_camers_state    0x800'2a73    0x18  Code  Gb  Camera.o [1]
spi_sets                0x2000'0a38    0x1c  Data  Gb  Camera.o [1]
spi_sichro_func          0x800'2a8b    0x64  Code  Gb  Camera.o [1]
spi_silar_read           0x800'2aef    0x84  Code  Gb  Camera.o [1]
spi_silar_tasks          0x800'27db   0x298  Code  Gb  Camera.o [1]
spi_silar_wright         0x800'2b73    0xcc  Code  Gb  Camera.o [1]
spi_task_count          0x2000'0bf6     0x1  Data  Gb  Camera.o [1]
stepen                  0x2000'0000    0xc8  Data  Lc  Ball.o [1]
system_ticks            0x2000'0be0     0x4  Data  Gb  system_timer.o [1]
system_timer_init        0x800'833d    0x24  Code  Gb  system_timer.o [1]
system_wait_timer       0x2000'0bec     0x2  Data  Gb  net.o [1]
task_flag               0x2000'0bfc     0x1  Data  Gb  net.o [1]
test_key                 0x800'25c5    0x22  Code  Gb  keys.o [1]
timers_config            0x800'7279     0x2  Code  Gb  system_init.o [1]
uart_obj_buf            0x2000'07a8    0xb4  Data  Gb  net.o [1]
weapon                  0x2000'0a70    0x18  Data  Gb  Ball.o [1]
wright_data_to_cam       0x800'0b1d    0x54  Code  Gb  net.o [1]
zoom_val                0x2000'00c8    0x10  Data  Gb  Camera.o [1]


[1] = D:\projects\L6IR\programm\L6IR_pro\Debug\Obj
[2] = dl7M_tln.a
[3] = m7M_tl.a
[4] = rt7M_tl.a
[5] = shb_l.a

  34 472 bytes of readonly  code memory
     355 bytes of readonly  data memory
   7 174 bytes of readwrite data memory

Errors: none
Warnings: none
