###############################################################################
#
# IAR ELF Linker V7.70.1.11437/W32 for ARM                29/May/2019  18:57:30
# Copyright 2007-2016 IAR Systems AB.
#
#    Output file  =  E:\projects\L6IR\programm\L6_pro\Debug\Exe\c.out
#    Map file     =  E:\projects\L6IR\programm\L6_pro\Debug\List\c.map
#    Command line =  
#        E:\projects\L6IR\programm\L6_pro\Debug\Obj\Ball.o
#        E:\projects\L6IR\programm\L6_pro\Debug\Obj\Buffer.o
#        E:\projects\L6IR\programm\L6_pro\Debug\Obj\Camera.o
#        E:\projects\L6IR\programm\L6_pro\Debug\Obj\Camera_tasks.o
#        E:\projects\L6IR\programm\L6_pro\Debug\Obj\cbuf.o
#        E:\projects\L6IR\programm\L6_pro\Debug\Obj\default_flash_content.o
#        E:\projects\L6IR\programm\L6_pro\Debug\Obj\default_flash_content_PT7.o
#        E:\projects\L6IR\programm\L6_pro\Debug\Obj\default_flash_content_PT8.o
#        E:\projects\L6IR\programm\L6_pro\Debug\Obj\default_flash_content_PT9.o
#        E:\projects\L6IR\programm\L6_pro\Debug\Obj\digital_resist.o
#        E:\projects\L6IR\programm\L6_pro\Debug\Obj\galenic.o
#        E:\projects\L6IR\programm\L6_pro\Debug\Obj\i2c.o
#        E:\projects\L6IR\programm\L6_pro\Debug\Obj\led_control.o
#        E:\projects\L6IR\programm\L6_pro\Debug\Obj\lps331ap.o
#        E:\projects\L6IR\programm\L6_pro\Debug\Obj\lps331ap_driver.o
#        E:\projects\L6IR\programm\L6_pro\Debug\Obj\LSM6DS33.o
#        E:\projects\L6IR\programm\L6_pro\Debug\Obj\main.o
#        E:\projects\L6IR\programm\L6_pro\Debug\Obj\misc.o
#        E:\projects\L6IR\programm\L6_pro\Debug\Obj\net.o
#        E:\projects\L6IR\programm\L6_pro\Debug\Obj\operator_control.o
#        E:\projects\L6IR\programm\L6_pro\Debug\Obj\protocol_cu.o
#        E:\projects\L6IR\programm\L6_pro\Debug\Obj\protocol_L6IR.o
#        E:\projects\L6IR\programm\L6_pro\Debug\Obj\protocol_L6IR_encoder_new.o
#        E:\projects\L6IR\programm\L6_pro\Debug\Obj\protocol_L6IR_encoder_old.o
#        E:\projects\L6IR\programm\L6_pro\Debug\Obj\rfu.o
#        E:\projects\L6IR\programm\L6_pro\Debug\Obj\rfu_ram.o
#        E:\projects\L6IR\programm\L6_pro\Debug\Obj\rfu_stm32L10x.o
#        E:\projects\L6IR\programm\L6_pro\Debug\Obj\Sensors.o
#        E:\projects\L6IR\programm\L6_pro\Debug\Obj\settings.o
#        E:\projects\L6IR\programm\L6_pro\Debug\Obj\startup_stm32l1xx_md.o
#        E:\projects\L6IR\programm\L6_pro\Debug\Obj\stm32l1xx_adc.o
#        E:\projects\L6IR\programm\L6_pro\Debug\Obj\stm32l1xx_dma.o
#        E:\projects\L6IR\programm\L6_pro\Debug\Obj\stm32l1xx_exti.o
#        E:\projects\L6IR\programm\L6_pro\Debug\Obj\stm32l1xx_flash.o
#        E:\projects\L6IR\programm\L6_pro\Debug\Obj\stm32l1xx_gpio.o
#        E:\projects\L6IR\programm\L6_pro\Debug\Obj\stm32l1xx_i2c.o
#        E:\projects\L6IR\programm\L6_pro\Debug\Obj\stm32l1xx_it.o
#        E:\projects\L6IR\programm\L6_pro\Debug\Obj\stm32l1xx_rcc.o
#        E:\projects\L6IR\programm\L6_pro\Debug\Obj\stm32l1xx_sdio.o
#        E:\projects\L6IR\programm\L6_pro\Debug\Obj\stm32l1xx_spi.o
#        E:\projects\L6IR\programm\L6_pro\Debug\Obj\stm32l1xx_syscfg.o
#        E:\projects\L6IR\programm\L6_pro\Debug\Obj\stm32l1xx_usart.o
#        E:\projects\L6IR\programm\L6_pro\Debug\Obj\system_init.o
#        E:\projects\L6IR\programm\L6_pro\Debug\Obj\system_stm32l1xx.o
#        E:\projects\L6IR\programm\L6_pro\Debug\Obj\system_timer.o -o
#        E:\projects\L6IR\programm\L6_pro\Debug\Exe\c.out --redirect
#        _Printf=_PrintfFull --redirect _Scanf=_ScanfFull --map
#        E:\projects\L6IR\programm\L6_pro\Debug\List\c.map --config "C:\Program
#        Files (x86)\IAR Systems\Embedded Workbench
#        7.5\arm\config\linker\ST\stm32l152xC.icf" --semihosting --entry
#        __iar_program_start "C:\Program Files (x86)\IAR Systems\Embedded
#        Workbench 7.5\arm\CMSIS\Lib\IAR\iar_cortexM3l_math.a" --vfe
#
###############################################################################

*******************************************************************************
*** RUNTIME MODEL ATTRIBUTES
***

CppFlavor       = *
__SystemLibrary = DLib


*******************************************************************************
*** PLACEMENT SUMMARY
***

"A0":  place at 0x08000000 { ro section .intvec };
"P1":  place in [from 0x08000000 to 0x0803ffff] { ro };
"P2":  place in [from 0x20000000 to 0x20007fff] { rw, block CSTACK, block HEAP };
initialize by copy { rw };

  Section             Kind        Address    Size  Object
  -------             ----        -------    ----  ------
"A0":                                        0xf4
  .intvec             ro code  0x08000000    0xf4  startup_stm32l1xx_md.o [1]
                             - 0x080000f4    0xf4

"P1":                                      0x8bd4
  .hex                ro code  0x080000f4  0x1ec2  net.o [1]
  .text               ro code  0x08001fb8    0x76  ABImemcpy_unaligned.o [5]
  .hex                ro code  0x0800202e   0x270  Buffer.o [1]
  .hex                ro code  0x080022a0   0x282  stm32l1xx_usart.o [1]
  .text               ro code  0x08002524    0x32  I32ToFlt.o [4]
  .text               ro code  0x08002558    0x4e  FltToDbl.o [4]
  .text               ro code  0x080025a8   0x1a2  DblMul.o [4]
  .text               ro code  0x0800274c   0x256  DblDiv.o [4]
  .text               ro code  0x080029a4    0x90  DblToFlt.o [4]
  .text               ro code  0x08002a34    0x24  FltCmpLe.o [4]
  .text               ro code  0x08002a58    0xe6  FltSub.o [4]
  .text               ro code  0x08002b40    0x84  FltAdd.o [4]
  .text               ro code  0x08002bc4    0xfc  FltDiv.o [4]
  .text               ro code  0x08002cc0    0x24  FltCmpGe.o [4]
  .text               ro code  0x08002ce4    0x24  FltToU32.o [4]
  .text               ro code  0x08002d08    0x44  FltToS32.o [4]
  .hex                ro code  0x08002d4c  0x1018  Camera.o [1]
  .hex                ro code  0x08003d64   0x248  stm32l1xx_rcc.o [1]
  .hex                ro code  0x08003fac   0x10a  stm32l1xx_gpio.o [1]
  .hex                ro code  0x080040b8    0x7c  stm32l1xx_spi.o [1]
  .text               ro code  0x08004134    0xd8  FltMul.o [4]
  .hex                ro code  0x0800420c   0x1e4  default_flash_content_PT9.o [1]
  .text               ro code  0x080043f0    0xe8  DblAdd.o [4]
  .text               ro code  0x080044d8    0x58  DblToI32.o [4]
  .hex                ro code  0x08004530   0x7b8  Ball.o [1]
  .text               ro code  0x08004ce8   0x180  DblSub.o [4]
  .text               ro code  0x08004e68    0x5e  floor.o [4]
  .text               ro code  0x08004ec8   0x848  pow.o [4]
  .text               ro code  0x08005710    0x50  exp.o [4]
  .text               ro code  0x08005760     0x6  sin.o [4]
  .text               ro code  0x08005768    0x1c  FltCmpEq.o [4]
  .text               ro code  0x08005784    0x44  xdnorm.o [4]
  .text               ro code  0x080057c8    0x7a  xdint.o [4]
  .text               ro code  0x08005844    0x20  DblCmpEq.o [4]
  .text               ro code  0x08005864     0xc  errno.o [3]
  .text               ro code  0x08005870    0x2e  DblCmpGe.o [4]
  .text               ro code  0x080058a0    0x2e  DblCmpLe.o [4]
  .text               ro code  0x080058d0    0x2c  I32ToDbl.o [4]
  .text               ro code  0x080058fc    0xac  xlog.o [4]
  .text               ro code  0x080059a8   0x2bc  xexp.o [4]
  .text               ro code  0x08005c64   0x422  xsin.o [4]
  .text               ro code  0x08006086     0x2  xtls.o [3]
  .text               ro code  0x08006088    0x32  xdtest.o [4]
  .text               ro code  0x080060bc   0x10c  xdscale.o [4]
  .text               ro code  0x080061c8   0x160  xquad.o [4]
  .text               ro code  0x08006328   0x1a8  fmod.o [4]
  .text               ro code  0x080064d0     0xc  iarEdom.o [5]
  .hex                ro code  0x080064dc   0x80c  protocol_L6IR.o [1]
  .hex                ro code  0x08006ce8    0x30  rfu.o [1]
  .hex                ro code  0x08006d18     0x4  settings.o [1]
  RFU_CODE            ro code  0x08006d1c   0x548  rfu_ram.o [1]
  .text               ro code  0x08007264     0x6  ABImemclr4.o [5]
  RFU_CODE            ro code  0x0800726c   0x174  rfu_stm32L10x.o [1]
  .text               ro code  0x080073e0    0x32  ABImemset48.o [5]
  .hex                ro code  0x08007414    0x30  stm32l1xx_flash.o [1]
  .hex                ro code  0x08007444   0x49c  system_init.o [1]
  .hex                ro code  0x080078e0    0x9c  misc.o [1]
  .hex                ro code  0x0800797c   0x2e0  stm32l1xx_adc.o [1]
  .hex                ro code  0x08007c5c   0x19c  stm32l1xx_dma.o [1]
  .hex                ro code  0x08007df8   0x2d8  protocol_L6IR_encoder_new.o [1]
  .hex                ro code  0x080080d0   0x26c  stm32l1xx_it.o [1]
  .hex                ro code  0x0800833c    0x1c  Sensors.o [1]
  .hex                ro code  0x08008358    0x1c  led_control.o [1]
  .hex                ro code  0x08008374   0x238  system_stm32l1xx.o [1]
  .hex                ro code  0x080085ac   0x1c8  main.o [1]
  .hex                ro code  0x08008774    0x98  system_timer.o [1]
  .hex                ro code  0x0800880c   0x18c  protocol_L6IR_encoder_old.o [1]
  .text               ro code  0x08008998    0x40  zero_init3.o [5]
  .text               ro code  0x080089d8    0x38  packbits_init_single.o [5]
  .text               ro code  0x08008a10    0x28  data_init.o [5]
  .iar.init_table     const    0x08008a38    0x20  - Linker created -
  .text               ro code  0x08008a58    0x1a  cmain.o [5]
  .text               ro code  0x08008a72     0x4  low_level_init.o [3]
  .text               ro code  0x08008a76     0x4  exit.o [3]
  .text               ro code  0x08008a7c     0xa  cexit.o [5]
  .text               ro code  0x08008a88    0x14  exit.o [6]
  .text               ro code  0x08008a9c    0x10  startup_stm32l1xx_md.o [1]
  .text               ro code  0x08008aac     0xc  cstartup_M.o [5]
  .text               ro code  0x08008ab8     0x4  startup_stm32l1xx_md.o [1]
  .text               ro code  0x08008abc     0x4  startup_stm32l1xx_md.o [1]
  .text               ro code  0x08008ac0     0x4  startup_stm32l1xx_md.o [1]
  .text               ro code  0x08008ac4     0x4  startup_stm32l1xx_md.o [1]
  .text               ro code  0x08008ac8     0x4  startup_stm32l1xx_md.o [1]
  .text               ro code  0x08008acc     0x4  startup_stm32l1xx_md.o [1]
  .text               ro code  0x08008ad0     0x4  startup_stm32l1xx_md.o [1]
  .text               ro code  0x08008ad4     0x4  startup_stm32l1xx_md.o [1]
  .text               ro code  0x08008ad8     0x4  startup_stm32l1xx_md.o [1]
  .text               ro code  0x08008adc     0x4  startup_stm32l1xx_md.o [1]
  .text               ro code  0x08008ae0     0x4  startup_stm32l1xx_md.o [1]
  .text               ro code  0x08008ae4     0x4  startup_stm32l1xx_md.o [1]
  .text               ro code  0x08008ae8     0x4  startup_stm32l1xx_md.o [1]
  .text               ro code  0x08008aec     0x4  startup_stm32l1xx_md.o [1]
  .text               ro code  0x08008af0     0x4  startup_stm32l1xx_md.o [1]
  .text               ro code  0x08008af4     0x4  startup_stm32l1xx_md.o [1]
  .text               ro code  0x08008af8     0x4  startup_stm32l1xx_md.o [1]
  .text               ro code  0x08008afc     0x4  startup_stm32l1xx_md.o [1]
  .text               ro code  0x08008b00     0x4  startup_stm32l1xx_md.o [1]
  .text               ro code  0x08008b04     0x4  startup_stm32l1xx_md.o [1]
  .text               ro code  0x08008b08     0x4  startup_stm32l1xx_md.o [1]
  .text               ro code  0x08008b0c     0x4  startup_stm32l1xx_md.o [1]
  .text               ro code  0x08008b10     0x4  startup_stm32l1xx_md.o [1]
  .text               ro code  0x08008b14     0x4  startup_stm32l1xx_md.o [1]
  .text               ro code  0x08008b18     0x4  startup_stm32l1xx_md.o [1]
  .text               ro code  0x08008b1c     0x4  startup_stm32l1xx_md.o [1]
  .text               ro code  0x08008b20     0x4  startup_stm32l1xx_md.o [1]
  .text               ro code  0x08008b24     0x4  startup_stm32l1xx_md.o [1]
  .text               ro code  0x08008b28     0x4  startup_stm32l1xx_md.o [1]
  .text               ro code  0x08008b2c     0x4  startup_stm32l1xx_md.o [1]
  .text               ro code  0x08008b30     0x4  startup_stm32l1xx_md.o [1]
  .text               ro code  0x08008b34     0x4  startup_stm32l1xx_md.o [1]
  .text               ro code  0x08008b38     0x4  startup_stm32l1xx_md.o [1]
  .text               ro code  0x08008b3c     0x4  startup_stm32l1xx_md.o [1]
  .text               ro code  0x08008b40     0x4  startup_stm32l1xx_md.o [1]
  .text               ro code  0x08008b44     0x4  startup_stm32l1xx_md.o [1]
  .text               ro code  0x08008b48     0x4  startup_stm32l1xx_md.o [1]
  .text               ro code  0x08008b4c     0x4  startup_stm32l1xx_md.o [1]
  .text               ro code  0x08008b50     0x4  startup_stm32l1xx_md.o [1]
  .text               ro code  0x08008b54     0x4  startup_stm32l1xx_md.o [1]
  .text               ro code  0x08008b58     0x4  startup_stm32l1xx_md.o [1]
  .text               ro code  0x08008b5c     0x4  startup_stm32l1xx_md.o [1]
  .text               ro code  0x08008b60     0x4  startup_stm32l1xx_md.o [1]
  .text               ro code  0x08008b64     0x4  startup_stm32l1xx_md.o [1]
  .text               ro code  0x08008b68     0x4  startup_stm32l1xx_md.o [1]
  .text               ro code  0x08008b6c     0x4  startup_stm32l1xx_md.o [1]
  .text               ro code  0x08008b70     0x4  startup_stm32l1xx_md.o [1]
  .text               ro code  0x08008b74     0x4  startup_stm32l1xx_md.o [1]
  .text               ro code  0x08008b78     0x4  startup_stm32l1xx_md.o [1]
  .text               ro code  0x08008b7c     0x4  startup_stm32l1xx_md.o [1]
  .text               ro code  0x08008b80     0x4  startup_stm32l1xx_md.o [1]
  .text               ro code  0x08008b84     0x4  startup_stm32l1xx_md.o [1]
  .text               ro code  0x08008b88     0x4  startup_stm32l1xx_md.o [1]
  .text               ro code  0x08008b8c     0x4  startup_stm32l1xx_md.o [1]
  .rodata             const    0x08008b90     0x0  zero_init3.o [5]
  .rodata             const    0x08008b90     0x0  packbits_init_single.o [5]
  Initializer bytes   const    0x08008b90   0x138  <for P2-1>
                             - 0x08008cc8  0x8bd4

"P2", part 1 of 3:                          0x164
  P2-1                         0x20000000   0x164  <Init block>
    .data             inited   0x20000000    0xc8  Ball.o [1]
    .data             inited   0x200000c8    0x10  Camera.o [1]
    .data             inited   0x200000d8     0xc  protocol_L6IR.o [1]
    .data             inited   0x200000e4     0xc  protocol_L6IR.o [1]
    .data             inited   0x200000f0     0xc  protocol_L6IR.o [1]
    .data             inited   0x200000fc     0xc  protocol_L6IR.o [1]
    .data             inited   0x20000108     0xc  protocol_L6IR.o [1]
    .data             inited   0x20000114     0xc  protocol_L6IR.o [1]
    .data             inited   0x20000120     0xc  stm32l1xx_rcc.o [1]
    .data             inited   0x2000012c    0x10  stm32l1xx_rcc.o [1]
    .data             inited   0x2000013c     0x4  system_stm32l1xx.o [1]
    .data             inited   0x20000140     0xc  system_stm32l1xx.o [1]
    .data             inited   0x2000014c    0x10  system_stm32l1xx.o [1]
    __DLIB_PERTHREAD  inited   0x2000015c     0x4  errno.o [3]
    .data             inited   0x20000160     0x1  Camera.o [1]
    .data             inited   0x20000161     0x1  net.o [1]
    .data             inited   0x20000162     0x1  protocol_L6IR.o [1]
    .data             inited   0x20000163     0x1  stm32l1xx_it.o [1]
                             - 0x20000164   0x164

"P2", part 2 of 3:                         0x1000
  CSTACK                       0x20000168  0x1000  <Block>
    CSTACK            uninit   0x20000168  0x1000  <Block tail>
                             - 0x20001168  0x1000

"P2", part 3 of 3:                          0xa78
  .bss                zero     0x20001168   0x3d4  Camera.o [1]
  .bss                zero     0x2000153c   0x1a0  Camera.o [1]
  .bss                zero     0x200016dc    0xc0  main.o [1]
  .bss                zero     0x2000179c    0xb4  net.o [1]
  .bss                zero     0x20001850    0x74  main.o [1]
  .bss                zero     0x200018c4    0x6c  Camera.o [1]
  .bss                zero     0x20001930    0x44  net.o [1]
  .bss                zero     0x20001974    0x40  main.o [1]
  .bss                zero     0x200019b4    0x28  Ball.o [1]
  .bss                zero     0x200019dc    0x28  net.o [1]
  .bss                zero     0x20001a04    0x28  net.o [1]
  .bss                zero     0x20001a2c    0x1c  Camera.o [1]
  .bss                zero     0x20001a48    0x1c  net.o [1]
  .bss                zero     0x20001a64    0x18  Ball.o [1]
  .bss                zero     0x20001a7c    0x10  Ball.o [1]
  .bss                zero     0x20001a8c     0xc  net.o [1]
  .bss                zero     0x20001a98     0xc  net.o [1]
  .bss                zero     0x20001aa4     0xc  net.o [1]
  .bss                zero     0x20001ab0     0xc  net.o [1]
  .bss                zero     0x20001abc     0xc  net.o [1]
  .bss                zero     0x20001ac8     0xc  net.o [1]
  .bss                zero     0x20001ad4     0xc  net.o [1]
  .bss                zero     0x20001ae0     0xc  net.o [1]
  .bss                zero     0x20001aec     0xc  net.o [1]
  .bss                zero     0x20001af8     0xc  net.o [1]
  .bss                zero     0x20001b04     0xc  net.o [1]
  .bss                zero     0x20001b10     0xc  net.o [1]
  .bss                zero     0x20001b1c     0xc  net.o [1]
  .bss                zero     0x20001b28     0xc  net.o [1]
  .bss                zero     0x20001b34     0xc  net.o [1]
  .bss                zero     0x20001b40     0xc  net.o [1]
  .bss                zero     0x20001b4c     0xc  net.o [1]
  .bss                zero     0x20001b58     0xc  net.o [1]
  .bss                zero     0x20001b64     0xc  protocol_L6IR.o [1]
  .bss                zero     0x20001b70     0xc  protocol_L6IR.o [1]
  .bss                zero     0x20001b7c     0xc  protocol_L6IR.o [1]
  .bss                zero     0x20001b88     0xc  protocol_L6IR.o [1]
  .bss                zero     0x20001b94     0x8  Sensors.o [1]
  .bss                zero     0x20001b9c     0x8  system_init.o [1]
  .bss                zero     0x20001ba4     0x4  Ball.o [1]
  .bss                zero     0x20001ba8     0x4  Ball.o [1]
  .bss                zero     0x20001bac     0x4  Camera.o [1]
  .bss                zero     0x20001bb0     0x4  net.o [1]
  .bss                zero     0x20001bb4     0x4  net.o [1]
  .bss                zero     0x20001bb8     0x4  system_timer.o [1]
  .bss                zero     0x20001bbc     0x2  Camera.o [1]
  .bss                zero     0x20001bbe     0x2  main.o [1]
  .bss                zero     0x20001bc0     0x2  net.o [1]
  .bss                zero     0x20001bc2     0x2  net.o [1]
  .bss                zero     0x20001bc4     0x2  net.o [1]
  .bss                zero     0x20001bc6     0x2  net.o [1]
  .bss                zero     0x20001bc8     0x2  net.o [1]
  .bss                zero     0x20001bca     0x2  protocol_L6IR.o [1]
  .bss                zero     0x20001bcc     0x2  stm32l1xx_it.o [1]
  .bss                zero     0x20001bce     0x1  Camera.o [1]
  .bss                zero     0x20001bcf     0x1  Camera.o [1]
  .bss                zero     0x20001bd0     0x1  main.o [1]
  .bss                zero     0x20001bd1     0x1  main.o [1]
  .bss                zero     0x20001bd2     0x1  main.o [1]
  .bss                zero     0x20001bd3     0x1  net.o [1]
  .bss                zero     0x20001bd4     0x1  net.o [1]
  .bss                zero     0x20001bd5     0x1  net.o [1]
  .bss                zero     0x20001bd6     0x1  net.o [1]
  .bss                zero     0x20001bd7     0x1  operator_control.o [1]
  .bss                zero     0x20001bd8     0x1  operator_control.o [1]
  .bss                zero     0x20001bd9     0x1  protocol_L6IR.o [1]
  .bss                zero     0x20001bda     0x1  protocol_L6IR.o [1]
  .bss                zero     0x20001bdb     0x1  protocol_L6IR.o [1]
  .bss                zero     0x20001bdc     0x1  stm32l1xx_it.o [1]
  .bss                zero     0x20001bdd     0x1  stm32l1xx_it.o [1]
                             - 0x20001bde   0xa76


*******************************************************************************
*** INIT TABLE
***

          Address     Size
          -------     ----
Zero (__iar_zero_init3)
    1 destination range, total size 0xa76:
          0x20001168  0xa76

Copy/packbits (__iar_packbits_init_single3)
    1 source range, total size 0x138 (87% of destination):
          0x08008b90  0x138
    1 destination range, total size 0x164:
          0x20000000  0x164



*******************************************************************************
*** MODULE SUMMARY
***

    Module                       ro code  ro data  rw data
    ------                       -------  -------  -------
E:\projects\L6IR\programm\L6_pro\Debug\Obj: [1]
    Ball.o                         1 976      175      288
    Buffer.o                         624
    Camera.o                       4 120       15    1 557
    Sensors.o                         28                 8
    default_flash_content_PT9.o      484
    led_control.o                     28
    main.o                           456               377
    misc.o                           156
    net.o                          7 874        1      595
    operator_control.o                                   2
    protocol_L6IR.o                2 060       64      126
    protocol_L6IR_encoder_new.o      728
    protocol_L6IR_encoder_old.o      396
    rfu.o                             48
    rfu_ram.o                      1 352
    rfu_stm32L10x.o                  372
    settings.o                         4
    startup_stm32l1xx_md.o           476
    stm32l1xx_adc.o                  736
    stm32l1xx_dma.o                  412
    stm32l1xx_flash.o                 48
    stm32l1xx_gpio.o                 266
    stm32l1xx_it.o                   620        1        5
    stm32l1xx_rcc.o                  584       24       28
    stm32l1xx_spi.o                  124
    stm32l1xx_usart.o                642
    system_init.o                  1 180                 8
    system_stm32l1xx.o               568       28       32
    system_timer.o                   152                 4
    ------------------------------------------------------
    Total:                        26 514      308    3 030

command line: [2]
    ------------------------------------------------------
    Total:

dl7M_tln.a: [3]
    errno.o                           12        4        4
    exit.o                             4
    low_level_init.o                   4
    xtls.o                             2
    ------------------------------------------------------
    Total:                            22        4        4

m7M_tl.a: [4]
    DblAdd.o                         232
    DblCmpEq.o                        32
    DblCmpGe.o                        46
    DblCmpLe.o                        46
    DblDiv.o                         598
    DblMul.o                         418
    DblSub.o                         384
    DblToFlt.o                       144
    DblToI32.o                        88
    FltAdd.o                         132
    FltCmpEq.o                        28
    FltCmpGe.o                        36
    FltCmpLe.o                        36
    FltDiv.o                         252
    FltMul.o                         216
    FltSub.o                         230
    FltToDbl.o                        78
    FltToS32.o                        68
    FltToU32.o                        36
    I32ToDbl.o                        44
    I32ToFlt.o                        50
    exp.o                             80
    floor.o                           94
    fmod.o                           424
    pow.o                          2 120
    sin.o                              6
    xdint.o                          122
    xdnorm.o                          68
    xdscale.o                        268
    xdtest.o                          50
    xexp.o                           700
    xlog.o                           172
    xquad.o                          352
    xsin.o                         1 058
    ------------------------------------------------------
    Total:                         8 708

rt7M_tl.a: [5]
    ABImemclr4.o                       6
    ABImemcpy_unaligned.o            118
    ABImemset48.o                     50
    cexit.o                           10
    cmain.o                           26
    cstartup_M.o                      12
    data_init.o                       40
    iarEdom.o                         12
    packbits_init_single.o            56
    zero_init3.o                      64
    ------------------------------------------------------
    Total:                           394

shb_l.a: [6]
    exit.o                            20
    ------------------------------------------------------
    Total:                            20

    Gaps                              38
    Linker created                             32    4 096
----------------------------------------------------------
    Grand Total:                  35 696      344    7 130


*******************************************************************************
*** ENTRY LIST
***

Entry                      Address   Size  Type      Object
-----                      -------   ----  ----      ------
.iar.init_table$$Base   0x08008a38          --   Gb  - Linker created -
.iar.init_table$$Limit  0x08008a58          --   Gb  - Linker created -
?main                   0x08008a59         Code  Gb  cmain.o [5]
ADC_Cmd                 0x080079f3   0x1a  Code  Gb  stm32l1xx_adc.o [1]
ADC_CommonStructInit    0x080079ed    0x6  Code  Gb  stm32l1xx_adc.o [1]
ADC_ContinuousModeCmd   0x08007bf5   0x1a  Code  Gb  stm32l1xx_adc.o [1]
ADC_DMACmd              0x08007c0f   0x1a  Code  Gb  stm32l1xx_adc.o [1]
ADC_DMARequestAfterLastTransferCmd
                        0x08007c29   0x1a  Code  Gb  stm32l1xx_adc.o [1]
ADC_DeInit              0x0800797d   0x20  Code  Gb  stm32l1xx_adc.o [1]
ADC_DelaySelectionConfig
                        0x08007a0d   0x12  Code  Gb  stm32l1xx_adc.o [1]
ADC_GetFlagStatus       0x08007c43   0x1a  Code  Gb  stm32l1xx_adc.o [1]
ADC_Init                0x0800799d   0x50  Code  Gb  stm32l1xx_adc.o [1]
ADC_RegularChannelConfig
                        0x08007a2d  0x1be  Code  Gb  stm32l1xx_adc.o [1]
ADC_SoftwareStartConv   0x08007beb    0xa  Code  Gb  stm32l1xx_adc.o [1]
ADC_data                0x20001b9c    0x8  Data  Gb  system_init.o [1]
ADC_init_func           0x080077cf   0xee  Code  Gb  system_init.o [1]
AHBPrescTable           0x2000014c   0x10  Data  Gb  system_stm32l1xx.o [1]
APBAHBPrescTable        0x2000012c   0x10  Data  Lc  stm32l1xx_rcc.o [1]
BusFault_Handler        0x080080d7    0x2  Code  Gb  stm32l1xx_it.o [1]
CSTACK$$Base            0x20000168          --   Gb  - Linker created -
CSTACK$$Limit           0x20001168          --   Gb  - Linker created -
DATA_EEPROM_Unlock      0x08007415   0x20  Code  Gb  stm32l1xx_flash.o [1]
DMA_Cmd                 0x08007da5   0x1c  Code  Gb  stm32l1xx_dma.o [1]
DMA_DeInit              0x08007c5d  0x10a  Code  Gb  stm32l1xx_dma.o [1]
DMA_Init                0x08007d67   0x3e  Code  Gb  stm32l1xx_dma.o [1]
DebugMon_Handler        0x080080dd    0x2  Code  Gb  stm32l1xx_it.o [1]
GPIO_Configuration      0x08007445  0x28c  Code  Gb  system_init.o [1]
GPIO_Init               0x08003fad   0xa8  Code  Gb  stm32l1xx_gpio.o [1]
GPIO_PinAFConfig        0x0800405d   0x5a  Code  Gb  stm32l1xx_gpio.o [1]
GPIO_ResetBits          0x08004059    0x4  Code  Gb  stm32l1xx_gpio.o [1]
GPIO_SetBits            0x08004055    0x4  Code  Gb  stm32l1xx_gpio.o [1]
HardFault_Handler       0x080080d3    0x2  Code  Gb  stm32l1xx_it.o [1]
IniRingBuf              0x0800202f   0x16  Code  Gb  Buffer.o [1]
MemManage_Handler       0x080080d5    0x2  Code  Gb  stm32l1xx_it.o [1]
NMI_Handler             0x080080d1    0x2  Code  Gb  stm32l1xx_it.o [1]
NVIC_Configuration      0x080076d1   0x4c  Code  Gb  system_init.o [1]
NVIC_Init               0x080078eb   0x6a  Code  Gb  misc.o [1]
NVIC_PriorityGroupConfig
                        0x080078e1    0xa  Code  Gb  misc.o [1]
NVIC_SetPriority        0x08008775   0x26  Code  Lc  system_timer.o [1]
NVIC_SetVectorTable     0x08007955    0xc  Code  Gb  misc.o [1]
PLLMulTable             0x20000120    0xc  Data  Lc  stm32l1xx_rcc.o [1]
PLLMulTable             0x20000140    0xc  Data  Gb  system_stm32l1xx.o [1]
PendSV_Handler          0x080080df    0x2  Code  Gb  stm32l1xx_it.o [1]
Power_control_func      0x08000cd5  0x130  Code  Gb  net.o [1]
RCC_AHBPeriphClockCmd   0x08003ee3   0x1e  Code  Gb  stm32l1xx_rcc.o [1]
RCC_APB1PeriphClockCmd  0x08003f1f   0x1e  Code  Gb  stm32l1xx_rcc.o [1]
RCC_APB1PeriphResetCmd  0x08003f5b   0x1e  Code  Gb  stm32l1xx_rcc.o [1]
RCC_APB2PeriphClockCmd  0x08003f01   0x1e  Code  Gb  stm32l1xx_rcc.o [1]
RCC_APB2PeriphResetCmd  0x08003f3d   0x1e  Code  Gb  stm32l1xx_rcc.o [1]
RCC_GetClocksFreq       0x08003dd5  0x10e  Code  Gb  stm32l1xx_rcc.o [1]
RCC_HCLKConfig          0x08003da3   0x18  Code  Gb  stm32l1xx_rcc.o [1]
RCC_HSICmd              0x08003d65    0xa  Code  Gb  stm32l1xx_rcc.o [1]
RCC_PCLK2Config         0x08003dbb   0x1a  Code  Gb  stm32l1xx_rcc.o [1]
RCC_PLLCmd              0x08003d81    0xa  Code  Gb  stm32l1xx_rcc.o [1]
RCC_PLLConfig           0x08003d6f   0x12  Code  Gb  stm32l1xx_rcc.o [1]
RCC_SYSCLKConfig        0x08003d8b   0x18  Code  Gb  stm32l1xx_rcc.o [1]
RFU_CODE_init$$Base     0x00000000          --   Gb  - Linker created -
RFU_CODE_init$$Length   0x00000000          --   Gb  - Linker created -
RFU_FLASH_ClearFlag     0x08007351    0x6  Code  Gb  rfu_stm32L10x.o [1]
RFU_FLASH_EraseAllPages
                        0x080072f9   0x2e  Code  Gb  rfu_stm32L10x.o [1]
RFU_FLASH_ErasePage     0x0800729f   0x5a  Code  Gb  rfu_stm32L10x.o [1]
RFU_FLASH_FastProgramWord
                        0x08007327   0x2a  Code  Gb  rfu_stm32L10x.o [1]
RFU_FLASH_GetStatus     0x08007357   0x36  Code  Gb  rfu_stm32L10x.o [1]
RFU_FLASH_Lock          0x08007291    0xe  Code  Gb  rfu_stm32L10x.o [1]
RFU_FLASH_Unlock        0x0800726d   0x24  Code  Gb  rfu_stm32L10x.o [1]
RFU_FLASH_WaitForLastOperation
                        0x080073a5   0x3c  Code  Gb  rfu_stm32L10x.o [1]
RXD                     0x20001974   0x40  Data  Gb  main.o [1]
RXbuf                   0x20001b70    0xc  Data  Gb  protocol_L6IR.o [1]
Region$$Table$$Base     0x08008a38          --   Gb  - Linker created -
Region$$Table$$Limit    0x08008a58          --   Gb  - Linker created -
RfuOverlay$$Base        0x00000000          --   Gb  - Linker created -
SPI_Cmd                 0x080040f9   0x1c  Code  Gb  stm32l1xx_spi.o [1]
SPI_I2S_GetFlagStatus   0x0800411d   0x18  Code  Gb  stm32l1xx_spi.o [1]
SPI_I2S_ReceiveData     0x08004115    0x4  Code  Gb  stm32l1xx_spi.o [1]
SPI_I2S_SendData        0x08004119    0x4  Code  Gb  stm32l1xx_spi.o [1]
SPI_Init                0x080040b9   0x40  Code  Gb  stm32l1xx_spi.o [1]
SPI_init_func           0x08007777   0x56  Code  Gb  system_init.o [1]
SVC_Handler             0x080080db    0x2  Code  Gb  stm32l1xx_it.o [1]
SetSysClock             0x080084a3   0xcc  Code  Lc  system_stm32l1xx.o [1]
SysTick_Config          0x0800879b   0x30  Code  Lc  system_timer.o [1]
SysTick_Handler         0x08008219   0xda  Code  Gb  stm32l1xx_it.o [1]
SystemCoreClock         0x2000013c    0x4  Data  Gb  system_stm32l1xx.o [1]
SystemCoreClockUpdate   0x080083c7   0xdc  Code  Gb  system_stm32l1xx.o [1]
SystemInit              0x08008375   0x52  Code  Gb  system_stm32l1xx.o [1]
TXD                     0x200016dc   0xc0  Data  Gb  main.o [1]
TXbuf                   0x20001b64    0xc  Data  Gb  protocol_L6IR.o [1]
UART_init               0x0800771d   0x5a  Code  Gb  system_init.o [1]
USART1_IRQHandler       0x080080e1  0x138  Code  Gb  stm32l1xx_it.o [1]
USART_Cmd               0x08002431   0x1c  Code  Gb  stm32l1xx_usart.o [1]
USART_DeInit            0x080022a1   0x90  Code  Gb  stm32l1xx_usart.o [1]
USART_GetITStatus       0x080024b3   0x70  Code  Gb  stm32l1xx_usart.o [1]
USART_ITConfig          0x0800245d   0x56  Code  Gb  stm32l1xx_usart.o [1]
USART_Init              0x08002331   0xe8  Code  Gb  stm32l1xx_usart.o [1]
USART_ReceiveData       0x08002455    0x8  Code  Gb  stm32l1xx_usart.o [1]
USART_SendData          0x0800244d    0x8  Code  Gb  stm32l1xx_usart.o [1]
UsageFault_Handler      0x080080d9    0x2  Code  Gb  stm32l1xx_it.o [1]
__aeabi_cdcmpeq         0x08005845         Code  Gb  DblCmpEq.o [4]
__aeabi_cdcmple         0x080058a1         Code  Gb  DblCmpLe.o [4]
__aeabi_cdrcmple        0x08005871         Code  Gb  DblCmpGe.o [4]
__aeabi_cfcmpeq         0x08005769         Code  Gb  FltCmpEq.o [4]
__aeabi_cfcmple         0x08002a35         Code  Gb  FltCmpLe.o [4]
__aeabi_cfrcmple        0x08002cc1         Code  Gb  FltCmpGe.o [4]
__aeabi_d2f             0x080029a5         Code  Gb  DblToFlt.o [4]
__aeabi_d2iz            0x080044d9         Code  Gb  DblToI32.o [4]
__aeabi_d2uiz           0x08004505         Code  Gb  DblToI32.o [4]
__aeabi_dadd            0x080043f1         Code  Gb  DblAdd.o [4]
__aeabi_ddiv            0x0800274d         Code  Gb  DblDiv.o [4]
__aeabi_dmul            0x080025a9         Code  Gb  DblMul.o [4]
__aeabi_dsub            0x08004ce9         Code  Gb  DblSub.o [4]
__aeabi_errno_addr      0x08005865    0x6  Code  Gb  errno.o [3]
__aeabi_f2d             0x08002559         Code  Gb  FltToDbl.o [4]
__aeabi_f2iz            0x08002d09         Code  Gb  FltToS32.o [4]
__aeabi_f2uiz           0x08002ce5         Code  Gb  FltToU32.o [4]
__aeabi_fadd            0x08002b41         Code  Gb  FltAdd.o [4]
__aeabi_fdiv            0x08002bc5         Code  Gb  FltDiv.o [4]
__aeabi_fmul            0x08004135         Code  Gb  FltMul.o [4]
__aeabi_fsub            0x08002a59         Code  Gb  FltSub.o [4]
__aeabi_i2d             0x080058d1         Code  Gb  I32ToDbl.o [4]
__aeabi_i2f             0x08002525         Code  Gb  I32ToFlt.o [4]
__aeabi_memclr4         0x08007265         Code  Gb  ABImemclr4.o [5]
__aeabi_ui2f            0x08002539         Code  Gb  I32ToFlt.o [4]
__cmain                 0x08008a59         Code  Gb  cmain.o [5]
__exit                  0x08008a89   0x14  Code  Gb  exit.o [6]
__iar_Dint              0x080057c9   0x7a  Code  Gb  xdint.o [4]
__iar_Dnorm             0x08005785   0x44  Code  Gb  xdnorm.o [4]
__iar_Dscale            0x080060bd  0x10c  Code  Gb  xdscale.o [4]
__iar_Dtest             0x08006089   0x32  Code  Gb  xdtest.o [4]
__iar_Errno             0x2000015c    0x4  Data  Gb  errno.o [3]
__iar_Exp               0x080059a9  0x2b6  Code  Gb  xexp.o [4]
__iar_Logpoly           0x080058fd   0x70  Code  Gb  xlog.o [4]
__iar_Memset4_word      0x080073e1         Code  Gb  ABImemset48.o [5]
__iar_Memset8_word      0x080073e1         Code  Gb  ABImemset48.o [5]
__iar_Quad              0x080061c9  0x160  Code  Gb  xquad.o [4]
__iar_Sin               0x08005c65  0x41c  Code  Gb  xsin.o [4]
__iar_d2uiz             0x08004511         Code  Gb  DblToI32.o [4]
__iar_dadd              0x08004405         Code  Gb  DblAdd.o [4]
__iar_data_init3        0x08008a11   0x28  Code  Gb  data_init.o [5]
__iar_dlib_perthread_access
                        0x08006087    0x2  Code  Gb  xtls.o [3]
__iar_dsub              0x08004cfd         Code  Gb  DblSub.o [4]
__iar_dsubStart         0x08004d0f         Code  Gb  DblSub.o [4]
__iar_edom              0x080064d1         Code  Gb  iarEdom.o [5]
__iar_fadd              0x08002b51         Code  Gb  FltAdd.o [4]
__iar_floor             0x08004e69         Code  Gb  floor.o [4]
__iar_floorl            0x08004e69         Code  Gb  floor.o [4]
__iar_fmod              0x08006329         Code  Gb  fmod.o [4]
__iar_fmodl             0x08006329         Code  Gb  fmod.o [4]
__iar_fsub              0x08002a69         Code  Gb  FltSub.o [4]
__iar_fsubStart         0x08002a79         Code  Gb  FltSub.o [4]
__iar_packbits_init_single3
                        0x080089d9   0x38  Code  Gb  packbits_init_single.o [5]
__iar_program_start     0x08008aad         Code  Gb  cstartup_M.o [5]
__iar_ui2d              0x080058e5         Code  Gb  I32ToDbl.o [4]
__iar_ui2f              0x0800253d         Code  Gb  I32ToFlt.o [4]
__iar_unaligned___aeabi_memcpy
                        0x08001fb9         Code  Gb  ABImemcpy_unaligned.o [5]
__iar_unaligned___aeabi_memcpy4
                        0x08001fd9         Code  Gb  ABImemcpy_unaligned.o [5]
__iar_unaligned___aeabi_memcpy8
                        0x08001fd9         Code  Gb  ABImemcpy_unaligned.o [5]
__iar_zero_init3        0x08008999   0x40  Code  Gb  zero_init3.o [5]
__low_level_init        0x08008a73    0x4  Code  Gb  low_level_init.o [3]
__vector_table          0x08000000         Data  Gb  startup_stm32l1xx_md.o [1]
_call_main              0x08008a65         Code  Gb  cmain.o [5]
_exit                   0x08008a7d         Code  Gb  cexit.o [5]
_main                   0x08008a6f         Code  Gb  cmain.o [5]
balCalculate            0x080045a1  0x652  Code  Gb  Ball.o [1]
balCalculate::pref_correct_g
                        0x20001ba4    0x4  Data  Lc  Ball.o [1]
balCalculate::pref_correct_v
                        0x20001ba8    0x4  Data  Lc  Ball.o [1]
bullet                  0x20001a7c   0x10  Data  Gb  Ball.o [1]
calibrate_compass       0x20001ac8    0xc  Data  Gb  net.o [1]
cam_operation           0x20001bcf    0x1  Data  Gb  Camera.o [1]
cam_power_state         0x20000160    0x1  Data  Gb  Camera.o [1]
cam_sets                0x200018c4   0x6c  Data  Gb  Camera.o [1]
check_crc               0x0800223b   0x34  Code  Gb  Buffer.o [1]
clean                   0x08002089    0xe  Code  Gb  Buffer.o [1]
correct_enter           0x080034fd  0x108  Code  Gb  Camera.o [1]
counter_sys             0x20001bcc    0x2  Data  Gb  stm32l1xx_it.o [1]
critcal_section_level   0x20001bbc    0x2  Data  Gb  Camera.o [1]
ctrl_unit_masks_buf     0x20000114    0xc  Data  Gb  protocol_L6IR.o [1]
cu_get_keys             0x20001a98    0xc  Data  Gb  net.o [1]
cu_get_net_condition    0x20001aa4    0xc  Data  Gb  net.o [1]
current_buff_summ       0x20001bb4    0x4  Data  Gb  net.o [1]
default_ball_ini        0x08004531   0x70  Code  Gb  Ball.o [1]
default_cam_sets        0x08003609  0x142  Code  Gb  Camera.o [1]
default_flash_content   0x0800420d  0x1e4  Code  Gb  default_flash_content_PT9.o [1]
del_stsp                0x08002167   0x54  Code  Gb  Buffer.o [1]
disp_buff               0x20001a04   0x28  Data  Gb  net.o [1]
display_st              0x20001bd7    0x1  Data  Gb  operator_control.o [1]
dow_crc                 0x080021bb   0x80  Code  Gb  Buffer.o [1]
encoder0                0x20001b7c    0xc  Data  Gb  protocol_L6IR.o [1]
encoder0_func           0x08007f19  0x17e  Code  Gb  protocol_L6IR_encoder_new.o [1]
encoder0_func_2enc      0x0800880d  0x15e  Code  Gb  protocol_L6IR_encoder_old.o [1]
encoder0_masks_buf      0x200000fc    0xc  Data  Gb  protocol_L6IR.o [1]
encoder1                0x20001b88    0xc  Data  Gb  protocol_L6IR.o [1]
encoder1_func           0x08007df9   0x9c  Code  Gb  protocol_L6IR_encoder_new.o [1]
encoder1_masks_buf      0x20000108    0xc  Data  Gb  protocol_L6IR.o [1]
encoder1_t_func         0x08007e95   0x84  Code  Gb  protocol_L6IR_encoder_new.o [1]
encoder_func_buf        0x200000f0    0xc  Data  Gb  protocol_L6IR.o [1]
encoder_func_count      0x20001bda    0x1  Data  Gb  protocol_L6IR.o [1]
encoder_func_ini        0x080065e7   0x36  Code  Gb  protocol_L6IR.o [1]
encoder_minus_buf       0x200000e4    0xc  Data  Gb  protocol_L6IR.o [1]
encoder_plus_buf        0x200000d8    0xc  Data  Gb  protocol_L6IR.o [1]
enter_critical_section  0x08002d4d   0x1c  Code  Lc  Camera.o [1]
error_counter           0x20001bca    0x2  Data  Gb  protocol_L6IR.o [1]
exit                    0x08008a77    0x4  Code  Gb  exit.o [3]
exit_critical_section   0x08002d69   0x1c  Code  Lc  Camera.o [1]
exp                     0x08005711   0x50  Code  Gb  exp.o [4]
expo_timeout            0x20001bc8    0x2  Data  Gb  net.o [1]
expossition_value       0x20001bd6    0x1  Data  Gb  net.o [1]
extern_master_find      0x20001a8c    0xc  Data  Gb  net.o [1]
eye_buff                0x200019dc   0x28  Data  Gb  net.o [1]
eye_buff_point          0x20001bd4    0x1  Data  Gb  net.o [1]
eye_buff_quant          0x20001bd5    0x1  Data  Gb  net.o [1]
eye_buff_sum            0x20001bb0    0x4  Data  Gb  net.o [1]
eye_sens_par            0x20001b58    0xc  Data  Gb  net.o [1]
flash                   0x2000153c  0x1a0  Data  Gb  Camera.o [1]
flash_is_read           0x20001bd0    0x1  Data  Gb  main.o [1]
flash_reading_process   0x08003751   0xd2  Code  Gb  Camera.o [1]
floor                   0x08004e69         Code  Gb  floor.o [4]
floorl                  0x08004e69         Code  Gb  floor.o [4]
fmod                    0x08006329         Code  Gb  fmod.o [4]
fmodl                   0x08006329         Code  Gb  fmod.o [4]
fuck_next_command       0x20001bdb    0x1  Data  Gb  protocol_L6IR.o [1]
fuck_power_off_command  0x20000162    0x1  Data  Gb  protocol_L6IR.o [1]
func_buffer_ini         0x080064dd  0x10a  Code  Gb  protocol_L6IR.o [1]
galenic_counter         0x20001bd1    0x1  Data  Gb  main.o [1]
get                     0x080020fd    0x8  Code  Gb  Buffer.o [1]
get_compass             0x20001abc    0xc  Data  Gb  net.o [1]
get_compass_status      0x20001ad4    0xc  Data  Gb  net.o [1]
get_declinate           0x20001b04    0xc  Data  Gb  net.o [1]
get_empty               0x08002045    0x4  Code  Gb  Buffer.o [1]
get_encoder_0           0x20001b1c    0xc  Data  Gb  net.o [1]
get_encoder_1           0x20001b28    0xc  Data  Gb  net.o [1]
get_fill                0x0800204d   0x3c  Code  Gb  Buffer.o [1]
get_full                0x08002049    0x4  Code  Gb  Buffer.o [1]
get_gps                 0x20001ab0    0xc  Data  Gb  net.o [1]
get_inclinate           0x20001af8    0xc  Data  Gb  net.o [1]
get_pressure            0x20001aec    0xc  Data  Gb  net.o [1]
get_temperature         0x20001ae0    0xc  Data  Gb  net.o [1]
init_spi_objects        0x08002d85  0x27a  Code  Gb  Camera.o [1]
insert_crc              0x0800226f   0x30  Code  Gb  Buffer.o [1]
insert_stsp             0x08002105   0x62  Code  Gb  Buffer.o [1]
internal_Pow            0x08004ec9  0x412  Code  Lc  pow.o [4]
irled                   0x20001bdc    0x1  Data  Lc  stm32l1xx_it.o [1]
irledmax                0x20000163    0x1  Data  Lc  stm32l1xx_it.o [1]
key1_count              0x20001bbe    0x2  Data  Gb  main.o [1]
keys                    0x20001850   0x74  Data  Gb  main.o [1]
keys_analis             0x08000fd5  0xfb0  Code  Gb  net.o [1]
keys_analis_P_O         0x08001fb5    0x2  Code  Gb  net.o [1]
keys_syncro_count       0x20001bc2    0x2  Data  Gb  net.o [1]
keys_syncro_func        0x08000f0d   0x14  Code  Gb  net.o [1]
led_brightnes           0x20000161    0x1  Data  Gb  net.o [1]
led_off                 0x08008365    0xc  Code  Gb  led_control.o [1]
led_pulse_control       0x08008359    0xc  Code  Gb  led_control.o [1]
led_pulse_enable        0x20001bd2    0x1  Data  Gb  main.o [1]
lnbias                  0x080052f0  0x420  Data  Lc  pow.o [4]
lpd_requests            0x08000e11   0xa2  Code  Gb  net.o [1]
main                    0x080085ad  0x174  Code  Gb  main.o [1]
make_request            0x08000c47   0x34  Code  Gb  net.o [1]
mark_tasks              0x08003855  0x43c  Code  Gb  Camera.o [1]
marks_syncro_func       0x08003829   0x1a  Code  Gb  Camera.o [1]
net_counter             0x08000b37   0x4e  Code  Gb  net.o [1]
net_fault_flag          0x20001bdd    0x1  Data  Gb  stm32l1xx_it.o [1]
net_fault_function      0x08000c7b   0x3e  Code  Gb  net.o [1]
net_global_count        0x20001bc6    0x2  Data  Gb  net.o [1]
net_init                0x080004b5  0x682  Code  Gb  net.o [1]
net_set_default         0x080003af   0x10  Code  Gb  net.o [1]
net_sets                0x20001a48   0x1c  Data  Gb  net.o [1]
net_status              0x20001930   0x44  Data  Gb  net.o [1]
net_task                0x08000b85   0xc2  Code  Gb  net.o [1]
obj_in_net              0x20001bc0    0x2  Data  Gb  net.o [1]
oled_control            0x08003c95   0x7c  Code  Gb  Camera.o [1]
operator_ctrl_consist   0x20001bd8    0x1  Data  Gb  operator_control.o [1]
pop                     0x080020c7   0x36  Code  Gb  Buffer.o [1]
pow                     0x080052e1    0xe  Code  Gb  pow.o [4]
power_off               0x20001b10    0xc  Data  Gb  net.o [1]
pref_net_init           0x080003bf   0xf6  Code  Gb  net.o [1]
prev_cam_state          0x20001bac    0x4  Data  Gb  Camera.o [1]
protocol                0x0800661d  0x5b8  Code  Gb  protocol_L6IR.o [1]
push                    0x08002097   0x30  Code  Gb  Buffer.o [1]
redrow_menu_simbol      0x08006bd5   0xa4  Code  Gb  protocol_L6IR.o [1]
rf_get_distance         0x20001b4c    0xc  Data  Gb  net.o [1]
rf_get_status           0x20001b40    0xc  Data  Gb  net.o [1]
rf_start_messure        0x20001b34    0xc  Data  Gb  net.o [1]
rfu_main                0x08006e3b  0x40e  Code  Gb  rfu_ram.o [1]
rfu_start               0x08006ce9   0x30  Code  Gb  rfu.o [1]
rs_frame                0x20001bd9    0x1  Data  Gb  protocol_L6IR.o [1]
send                    0x08006d35   0xaa  Code  Gb  rfu_ram.o [1]
send_char               0x08006d1d   0x18  Code  Gb  rfu_ram.o [1]
send_ec                 0x08006ddf   0x20  Code  Gb  rfu_ram.o [1]
send_u32                0x08006dff   0x3c  Code  Gb  rfu_ram.o [1]
sens_synchro_func       0x0800833d   0x16  Code  Gb  Sensors.o [1]
sens_synchro_time       0x20001b94    0x8  Data  Lc  Sensors.o [1]
senspar                 0x200019b4   0x28  Data  Gb  Ball.o [1]
settings_device_address
                        0x08006d19    0x4  Code  Gb  settings.o [1]
sin                     0x08005761    0x6  Code  Gb  sin.o [4]
smart_device_ini        0x080000f5  0x2ba  Code  Gb  net.o [1]
spi_objects             0x20001168  0x3d4  Data  Gb  Camera.o [1]
spi_read_camers_state   0x08003301   0x18  Code  Gb  Camera.o [1]
spi_sets                0x20001a2c   0x1c  Data  Gb  Camera.o [1]
spi_sichro_func         0x08003319   0x78  Code  Gb  Camera.o [1]
spi_silar_read          0x08003391   0x84  Code  Gb  Camera.o [1]
spi_silar_tasks         0x08002fff  0x302  Code  Gb  Camera.o [1]
spi_silar_wright        0x08003415   0xd8  Code  Gb  Camera.o [1]
spi_task_count          0x20001bce    0x1  Data  Gb  Camera.o [1]
stepen                  0x20000000   0xc8  Data  Lc  Ball.o [1]
system_ticks            0x20001bb8    0x4  Data  Gb  system_timer.o [1]
system_timer_init       0x080087cb   0x24  Code  Gb  system_timer.o [1]
system_wait_timer       0x20001bc4    0x2  Data  Gb  net.o [1]
task_flag               0x20001bd3    0x1  Data  Gb  net.o [1]
timers_config           0x080077cd    0x2  Code  Gb  system_init.o [1]
uart_obj_buf            0x2000179c   0xb4  Data  Gb  net.o [1]
weapon                  0x20001a64   0x18  Data  Gb  Ball.o [1]
wright_data_to_cam      0x08000eb3   0x54  Code  Gb  net.o [1]
zoom_val                0x200000c8   0x10  Data  Gb  Camera.o [1]


[1] = E:\projects\L6IR\programm\L6_pro\Debug\Obj
[2] = command line
[3] = dl7M_tln.a
[4] = m7M_tl.a
[5] = rt7M_tl.a
[6] = shb_l.a

  35 696 bytes of readonly  code memory
     344 bytes of readonly  data memory
   7 130 bytes of readwrite data memory

Errors: none
Warnings: none
